     VMA      LMA     Size Align Out     In      Symbol
       0        0        0     1 RAM_START = 0x22000000
       0        0        0     1 RAM_LENGTH = 0x001d4000
       0        0        0     1 FLASH_START = 0x02000000
       0        0        0     1 FLASH_LENGTH = 0x00100000
       0        0        0     1 DATA_FLASH_START = 0x27000000
       0        0        0     1 DATA_FLASH_LENGTH = 0x00000000
       0        0        0     1 SDRAM_START = 0x68000000
       0        0        0     1 SDRAM_LENGTH = 0x08000000
       0        0        0     1 OSPI0_CS0_START = 0x80000000
       0        0        0     1 OSPI0_CS0_LENGTH = 0x10000000
       0        0        0     1 OSPI0_CS1_START = 0x90000000
       0        0        0     1 OSPI0_CS1_LENGTH = 0x10000000
       0        0        0     1 OSPI1_CS0_START = 0x70000000
       0        0        0     1 OSPI1_CS0_LENGTH = 0x08000000
       0        0        0     1 OSPI1_CS1_START = 0x78000000
       0        0        0     1 OSPI1_CS1_LENGTH = 0x08000000
       0        0        0     1 OPTION_SETTING_OFS0_START = 0x02c9f040
       0        0        0     1 OPTION_SETTING_OFS0_LENGTH = 0x00000004
       0        0        0     1 OPTION_SETTING_OFS2_START = 0x02c9f044
       0        0        0     1 OPTION_SETTING_OFS2_LENGTH = 0x00000004
       0        0        0     1 OPTION_SETTING_SAS_START = 0x02c9f074
       0        0        0     1 OPTION_SETTING_SAS_LENGTH = 0x00000004
       0        0        0     1 OPTION_SETTING_OFS1_START = 0x12c9f4c0
       0        0        0     1 OPTION_SETTING_OFS1_LENGTH = 0x00000004
       0        0        0     1 OPTION_SETTING_OFS1_SEC_START = 0x02c9f0c0
       0        0        0     1 OPTION_SETTING_OFS1_SEC_LENGTH = 0x00000004
       0        0        0     1 OPTION_SETTING_OFS1_SEL_START = 0x02c9f120
       0        0        0     1 OPTION_SETTING_OFS1_SEL_LENGTH = 0x00000004
       0        0        0     1 OPTION_SETTING_OFS3_START = 0x12c9f4c4
       0        0        0     1 OPTION_SETTING_OFS3_LENGTH = 0x00000004
       0        0        0     1 OPTION_SETTING_OFS3_SEC_START = 0x02c9f0c4
       0        0        0     1 OPTION_SETTING_OFS3_SEC_LENGTH = 0x00000004
       0        0        0     1 OPTION_SETTING_OFS3_SEL_START = 0x02c9f124
       0        0        0     1 OPTION_SETTING_OFS3_SEL_LENGTH = 0x00000004
       0        0        0     1 OPTION_SETTING_BPS_START = 0x12c9f600
       0        0        0     1 OPTION_SETTING_BPS_LENGTH = 0x00000080
       0        0        0     1 OPTION_SETTING_BPS_SEC_START = 0x02c9f200
       0        0        0     1 OPTION_SETTING_BPS_SEC_LENGTH = 0x00000080
       0        0        0     1 OPTION_SETTING_OTP_FSBLCTRL0_START = 0x02e07600
       0        0        0     1 OPTION_SETTING_OTP_FSBLCTRL0_LENGTH = 0x00000004
       0        0        0     1 OPTION_SETTING_OTP_FSBLCTRL1_START = 0x02e07604
       0        0        0     1 OPTION_SETTING_OTP_FSBLCTRL1_LENGTH = 0x00000004
       0        0        0     1 OPTION_SETTING_OTP_FSBLCTRL2_START = 0x02e07608
       0        0        0     1 OPTION_SETTING_OTP_FSBLCTRL2_LENGTH = 0x00000004
       0        0        0     1 OPTION_SETTING_OTP_SAMR_START = 0x02e07614
       0        0        0     1 OPTION_SETTING_OTP_SAMR_LENGTH = 0x00000004
       0        0        0     1 OPTION_SETTING_OTP_SACC00_START = 0x02e07620
       0        0        0     1 OPTION_SETTING_OTP_SACC00_LENGTH = 0x00000004
       0        0        0     1 OPTION_SETTING_OTP_SACC10_START = 0x02e07630
       0        0        0     1 OPTION_SETTING_OTP_SACC10_LENGTH = 0x00000004
       0        0        0     1 OPTION_SETTING_OTP_SACC01_START = 0x02e07640
       0        0        0     1 OPTION_SETTING_OTP_SACC01_LENGTH = 0x00000004
       0        0        0     1 OPTION_SETTING_OTP_SACC11_START = 0x02e07650
       0        0        0     1 OPTION_SETTING_OTP_SACC11_LENGTH = 0x00000004
       0        0        0     1 OPTION_SETTING_OTP_SACC02_START = 0x02e07660
       0        0        0     1 OPTION_SETTING_OTP_SACC02_LENGTH = 0x00000004
       0        0        0     1 OPTION_SETTING_OTP_SACC12_START = 0x02e07670
       0        0        0     1 OPTION_SETTING_OTP_SACC12_LENGTH = 0x00000004
       0        0        0     1 OPTION_SETTING_OTP_SACC03_START = 0x02e07680
       0        0        0     1 OPTION_SETTING_OTP_SACC03_LENGTH = 0x00000004
       0        0        0     1 OPTION_SETTING_OTP_SACC13_START = 0x02e07690
       0        0        0     1 OPTION_SETTING_OTP_SACC13_LENGTH = 0x00000004
       0        0        0     1 OPTION_SETTING_OTP_PBPS_SEC_START = 0x02e17700
       0        0        0     1 OPTION_SETTING_OTP_PBPS_SEC_LENGTH = 0x00000080
       0        0        0     1 OPTION_SETTING_OTP_PBPS_START = 0x12e17780
       0        0        0     1 OPTION_SETTING_OTP_PBPS_LENGTH = 0x00000080
       0        0        0     1 OPTION_SETTING_OTP_ZHUK_START = 0x02e17920
       0        0        0     1 OPTION_SETTING_OTP_ZHUK_LENGTH = 0x00000004
       0        0        0     1 ITCM_START = 0x00000000
       0        0        0     1 ITCM_LENGTH = 0x00020000
       0        0        0     1 DTCM_START = 0x20000000
       0        0        0     1 DTCM_LENGTH = 0x00020000
90000000 90000000        0     1 .ospi0_cs1.startof
90000000 90000000        0     1         __ddsc_OSPI0_CS1_START = .
68000000 68000000        0     1 .sdram.startof
68000000 68000000        0     1         __ddsc_SDRAM_START = .
68000000 68000000        0     1 __sdram_from_ospi0_cs1$$
68000000 68000000        0     1         __sdram_from_ospi0_cs1$$Base = .
68000000 68000000        0     1         __sdram_from_ospi0_cs1$$Load = LOADADDR(__sdram_from_ospi0_cs1$$)
68000000 68000000        0     1         __sdram_from_ospi0_cs1$$Limit = .
80000000 80000000        0     1 .ospi0_cs0.startof
80000000 80000000        0     1         __ddsc_OSPI0_CS0_START = .
80000000 80000000        0     1 __ospi0_cs0_from_ospi0_cs1$$
80000000 80000000        0     1         __ospi0_cs0_from_ospi0_cs1$$Base = .
80000000 80000000        0     1         __ospi0_cs0_from_ospi0_cs1$$Load = LOADADDR(__ospi0_cs0_from_ospi0_cs1$$)
80000000 80000000        0     1         __ospi0_cs0_from_ospi0_cs1$$Limit = .
70000000 70000000        0     1 .ospi1_cs0.startof
70000000 70000000        0     1         __ddsc_OSPI1_CS0_START = .
70000000 70000000        0     1 __ospi1_cs0_from_ospi0_cs1$$
70000000 70000000        0     1         __ospi1_cs0_from_ospi0_cs1$$Base = .
70000000 70000000        0     1         __ospi1_cs0_from_ospi0_cs1$$Load = LOADADDR(__ospi1_cs0_from_ospi0_cs1$$)
70000000 70000000        0     1         __ospi1_cs0_from_ospi0_cs1$$Limit = .
       0        0        0     1 .itcm.startof
       0        0        0     1         __ddsc_ITCM_START = .
       0        0        0     1 __itcm_from_ospi0_cs1$$
       0        0        0     1         __itcm_from_ospi0_cs1$$Base = .
       0        0        0     1         __itcm_from_ospi0_cs1$$Load = LOADADDR(__itcm_from_ospi0_cs1$$)
       0        0        0     1         __itcm_from_ospi0_cs1$$Limit = .
20000000 20000000        0     1 .dtcm.startof
20000000 20000000        0     1         __ddsc_DTCM_START = .
20000000 20000000        0     1 __dtcm_from_ospi0_cs1$$
20000000 20000000        0     1         __dtcm_from_ospi0_cs1$$Base = .
20000000 20000000        0     1         __dtcm_from_ospi0_cs1$$Load = LOADADDR(__dtcm_from_ospi0_cs1$$)
20000000 20000000        0     1         __dtcm_from_ospi0_cs1$$Limit = .
22000000 22000000        0     1 .ram.startof
22000000 22000000        0     1         __ddsc_RAM_START = .
22000000 22000000        0     1 __ram_dtc_vector$$
22000000 22000000        0     1         __ram_dtc_vector$$Base = .
22000000 22000000        0     1         __ram_dtc_vector$$Limit = .
22000000 22000000        0     1 __ram_from_ospi0_cs1$$
22000000 22000000        0     1         __ram_from_ospi0_cs1$$Base = .
22000000 22000000        0     1         __ram_from_ospi0_cs1$$Load = LOADADDR(__ram_from_ospi0_cs1$$)
22000000 22000000        0     1         __ram_from_ospi0_cs1$$Limit = .
90000000 90000000        0     1 __ospi0_cs1_readonly$$
90000000 90000000        0     1         __ospi0_cs1_readonly$$Base = .
90000000 90000000        0     1         __ospi0_cs1_readonly$$Limit = .
90000000 90000000        0     1 __ospi0_cs1_noinit$$
90000000 90000000        0     1         __ospi0_cs1_noinit$$Base = .
90000000 90000000        0     1         __ospi0_cs1_noinit$$Limit = .
90000000 90000000        0     1 .ospi0_cs1.endof
90000000 90000000        0     1         __ddsc_OSPI0_CS1_END = .
78000000 78000000        0     1 .ospi1_cs1.startof
78000000 78000000        0     1         __ddsc_OSPI1_CS1_START = .
68000000 68000000        0     1 __sdram_from_ospi1_cs1$$
68000000 68000000        0     1         __sdram_from_ospi1_cs1$$Base = .
68000000 68000000        0     1         __sdram_from_ospi1_cs1$$Load = LOADADDR(__sdram_from_ospi1_cs1$$)
68000000 68000000        0     1         __sdram_from_ospi1_cs1$$Limit = .
80000000 80000000        0     1 __ospi0_cs0_from_ospi1_cs1$$
80000000 80000000        0     1         __ospi0_cs0_from_ospi1_cs1$$Base = .
80000000 80000000        0     1         __ospi0_cs0_from_ospi1_cs1$$Load = LOADADDR(__ospi0_cs0_from_ospi1_cs1$$)
80000000 80000000        0     1         __ospi0_cs0_from_ospi1_cs1$$Limit = .
70000000 70000000        0     1 __ospi1_cs0_from_ospi1_cs1$$
70000000 70000000        0     1         __ospi1_cs0_from_ospi1_cs1$$Base = .
70000000 70000000        0     1         __ospi1_cs0_from_ospi1_cs1$$Load = LOADADDR(__ospi1_cs0_from_ospi1_cs1$$)
70000000 70000000        0     1         __ospi1_cs0_from_ospi1_cs1$$Limit = .
       0        0        0     1 __itcm_from_ospi1_cs1$$
       0        0        0     1         __itcm_from_ospi1_cs1$$Base = .
       0        0        0     1         __itcm_from_ospi1_cs1$$Load = LOADADDR(__itcm_from_ospi1_cs1$$)
       0        0        0     1         __itcm_from_ospi1_cs1$$Limit = .
20000000 20000000        0     1 __dtcm_from_ospi1_cs1$$
20000000 20000000        0     1         __dtcm_from_ospi1_cs1$$Base = .
20000000 20000000        0     1         __dtcm_from_ospi1_cs1$$Load = LOADADDR(__dtcm_from_ospi1_cs1$$)
20000000 20000000        0     1         __dtcm_from_ospi1_cs1$$Limit = .
22000000 22000000        0     1 __ram_from_ospi1_cs1$$
22000000 22000000        0     1         __ram_from_ospi1_cs1$$Base = .
22000000 22000000        0     1         __ram_from_ospi1_cs1$$Load = LOADADDR(__ram_from_ospi1_cs1$$)
22000000 22000000        0     1         __ram_from_ospi1_cs1$$Limit = .
78000000 78000000        0     1 __ospi1_cs1_readonly$$
78000000 78000000        0     1         __ospi1_cs1_readonly$$Base = .
78000000 78000000        0     1         __ospi1_cs1_readonly$$Limit = .
78000000 78000000        0     1 __ospi1_cs1_noinit$$
78000000 78000000        0     1         __ospi1_cs1_noinit$$Base = .
78000000 78000000        0     1         __ospi1_cs1_noinit$$Limit = .
78000000 78000000        0     1 .ospi1_cs1.endof
78000000 78000000        0     1         __ddsc_OSPI1_CS1_END = .
27000000 27000000        0     1 .data_flash.startof
27000000 27000000        0     1         __ddsc_DATA_FLASH_START = .
68000000 68000000        0     1 __sdram_from_data_flash$$
68000000 68000000        0     1         __sdram_from_data_flash$$Base = .
68000000 68000000        0     1         __sdram_from_data_flash$$Load = LOADADDR(__sdram_from_data_flash$$)
68000000 68000000        0     1         __sdram_from_data_flash$$Limit = .
80000000 80000000        0     1 __ospi0_cs0_from_data_flash$$
80000000 80000000        0     1         __ospi0_cs0_from_data_flash$$Base = .
80000000 80000000        0     1         __ospi0_cs0_from_data_flash$$Load = LOADADDR(__ospi0_cs0_from_data_flash$$)
80000000 80000000        0     1         __ospi0_cs0_from_data_flash$$Limit = .
70000000 70000000        0     1 __ospi1_cs0_from_data_flash$$
70000000 70000000        0     1         __ospi1_cs0_from_data_flash$$Base = .
70000000 70000000        0     1         __ospi1_cs0_from_data_flash$$Load = LOADADDR(__ospi1_cs0_from_data_flash$$)
70000000 70000000        0     1         __ospi1_cs0_from_data_flash$$Limit = .
       0        0        0     1 __itcm_from_data_flash$$
       0        0        0     1         __itcm_from_data_flash$$Base = .
       0        0        0     1         __itcm_from_data_flash$$Load = LOADADDR(__itcm_from_data_flash$$)
       0        0        0     1         __itcm_from_data_flash$$Limit = .
20000000 20000000        0     1 __dtcm_from_data_flash$$
20000000 20000000        0     1         __dtcm_from_data_flash$$Base = .
20000000 20000000        0     1         __dtcm_from_data_flash$$Load = LOADADDR(__dtcm_from_data_flash$$)
20000000 20000000        0     1         __dtcm_from_data_flash$$Limit = .
22000000 22000000        0     1 __ram_from_data_flash$$
22000000 22000000        0     1         __ram_from_data_flash$$Base = .
22000000 22000000        0     1         __ram_from_data_flash$$Load = LOADADDR(__ram_from_data_flash$$)
22000000 22000000        0     1         __ram_from_data_flash$$Limit = .
27000000 27000000        0     1 __data_flash_readonly$$
27000000 27000000        0     1         __data_flash_readonly$$Base = .
27000000 27000000        0     1         __data_flash_readonly$$Limit = .
27000000 27000000        0     1 __data_flash_noinit$$
27000000 27000000        0     1         __data_flash_noinit$$Base = .
27000000 27000000        0     1         __data_flash_noinit$$Limit = .
27000000 27000000        0     1 .data_flash.endof
27000000 27000000        0     1         __ddsc_DATA_FLASH_END = .
 2000000  2000000        0     1 .flash.startof
 2000000  2000000        0     1         __ddsc_FLASH_START = .
 2000000  2000000       6c     4 __flash_vectors$$
 2000000  2000000        0     1         __flash_vectors$$Base = .
 2000000  2000000        0     1         _VECTORS = .
 2000000  2000000       40     4         ./ra/fsp/src/bsp/cmsis/Device/RENESAS/Source/startup.o:(.fixed_vectors)
 2000000  2000000       40     1                 __Vectors
 2000040  2000040       2c     4         ./ra_gen/vector_data.o:(.application_vectors)
 2000040  2000040       2c     1                 g_vector_table
 200006c  200006c        0     1         __flash_vectors$$Limit = .
 200006c  200006c        0     1 __flash_noinit$$
 200006c  200006c        0     1         __flash_noinit$$Base = .
 200006c  200006c        0     1         __flash_noinit$$Limit = .
68000000 68000000        0     1 __sdram_from_flash$$
68000000 68000000        0     1         __sdram_from_flash$$Base = .
68000000 68000000        0     1         __sdram_from_flash$$Load = LOADADDR(__sdram_from_flash$$)
68000000 68000000        0     1         __sdram_from_flash$$Limit = .
68000000 68000000        0     1 __sdram_noinit_nocache$$
68000000 68000000        0     1         __sdram_noinit_nocache$$Base = .
68000000 68000000        0     1         __sdram_noinit_nocache$$Limit = .
68000000 68000000        0     1 __sdram_zero_nocache$$
68000000 68000000        0     1         __sdram_zero_nocache$$Base = .
68000000 68000000        0     1         . = ALIGN(32)
68000000 68000000        0     1         __sdram_zero_nocache$$Limit = .
68000000 68000000        0     1 __sdram_noinit$$
68000000 68000000        0     1         __sdram_noinit$$Base = .
68000000 68000000        0     1         __sdram_noinit$$Limit = .
68000000 68000000        0     1 __sdram_zero$$
68000000 68000000        0     1         __sdram_zero$$Base = .
68000000 68000000        0     1         __sdram_zero$$Limit = .
68000000 68000000        0     1 .sdram.endof
68000000 68000000        0     1         __ddsc_SDRAM_END = .
80000000 80000000        0     1 __ospi0_cs0_from_flash$$
80000000 80000000        0     1         __ospi0_cs0_from_flash$$Base = .
80000000 80000000        0     1         __ospi0_cs0_from_flash$$Load = LOADADDR(__ospi0_cs0_from_flash$$)
80000000 80000000        0     1         __ospi0_cs0_from_flash$$Limit = .
80000000 80000000        0     1 __ospi0_cs0_noinit_nocache$$
80000000 80000000        0     1         __ospi0_cs0_noinit_nocache$$Base = .
80000000 80000000        0     1         __ospi0_cs0_noinit_nocache$$Limit = .
80000000 80000000        0     1 __ospi0_cs0_zero_nocache$$
80000000 80000000        0     1         __ospi0_cs0_zero_nocache$$Base = .
80000000 80000000        0     1         . = ALIGN(32)
80000000 80000000        0     1         __ospi0_cs0_zero_nocache$$Limit = .
80000000 80000000        0     1 __ospi0_cs0_noinit$$
80000000 80000000        0     1         __ospi0_cs0_noinit$$Base = .
80000000 80000000        0     1         __ospi0_cs0_noinit$$Limit = .
80000000 80000000        0     1 __ospi0_cs0_zero$$
80000000 80000000        0     1         __ospi0_cs0_zero$$Base = .
80000000 80000000        0     1         __ospi0_cs0_zero$$Limit = .
80000000 80000000        0     1 .ospi0_cs0.endof
80000000 80000000        0     1         __ddsc_OSPI0_CS0_END = .
70000000 70000000        0     1 __ospi1_cs0_from_flash$$
70000000 70000000        0     1         __ospi1_cs0_from_flash$$Base = .
70000000 70000000        0     1         __ospi1_cs0_from_flash$$Load = LOADADDR(__ospi1_cs0_from_flash$$)
70000000 70000000        0     1         __ospi1_cs0_from_flash$$Limit = .
70000000 70000000        0     1 __ospi1_cs0_noinit_nocache$$
70000000 70000000        0     1         __ospi1_cs0_noinit_nocache$$Base = .
70000000 70000000        0     1         __ospi1_cs0_noinit_nocache$$Limit = .
70000000 70000000        0     1 __ospi1_cs0_zero_nocache$$
70000000 70000000        0     1         __ospi1_cs0_zero_nocache$$Base = .
70000000 70000000        0     1         . = ALIGN(32)
70000000 70000000        0     1         __ospi1_cs0_zero_nocache$$Limit = .
70000000 70000000        0     1 __ospi1_cs0_noinit$$
70000000 70000000        0     1         __ospi1_cs0_noinit$$Base = .
70000000 70000000        0     1         __ospi1_cs0_noinit$$Limit = .
70000000 70000000        0     1 __ospi1_cs0_zero$$
70000000 70000000        0     1         __ospi1_cs0_zero$$Base = .
70000000 70000000        0     1         __ospi1_cs0_zero$$Limit = .
70000000 70000000        0     1 .ospi1_cs0.endof
70000000 70000000        0     1         __ddsc_OSPI1_CS0_END = .
       0        0        0     1 __itcm_from_flash$$
       0        0        0     1         __itcm_from_flash$$Base = .
       0        0        0     1         __itcm_from_flash$$Load = LOADADDR(__itcm_from_flash$$)
       0        0        0     1         __itcm_from_flash$$Limit = .
       0        0        0     1 __itcm_noinit$$
       0        0        0     1         __itcm_noinit$$Base = .
       0        0        0     1         __itcm_noinit$$Limit = .
       0        0        0     1 __itcm_zero$$
       0        0        0     1         __itcm_zero$$Base = .
       0        0        0     1         __itcm_zero$$Limit = .
       0        0        0     1 .itcm.endof
       0        0        0     1         __ddsc_ITCM_END = .
20000000 20000000        0     1 __dtcm_from_flash$$
20000000 20000000        0     1         __dtcm_from_flash$$Base = .
20000000 20000000        0     1         __dtcm_from_flash$$Load = LOADADDR(__dtcm_from_flash$$)
20000000 20000000        0     1         __dtcm_from_flash$$Limit = .
20000000 20000000        0     1 __dtcm_noinit$$
20000000 20000000        0     1         __dtcm_noinit$$Base = .
20000000 20000000        0     1         __dtcm_noinit$$Limit = .
20000000 20000000        0     1 __dtcm_zero$$
20000000 20000000        0     1         __dtcm_zero$$Base = .
20000000 20000000        0     1         __dtcm_zero$$Limit = .
20000000 20000000        0     1 .dtcm.endof
20000000 20000000        0     1         __ddsc_DTCM_END = .
22000000  200006c        2     1 __ram_from_flash$$
22000000  200006c        0     1         __ram_from_flash$$Base = .
22000000  200006c        0     1         __ram_from_flash$$Load = LOADADDR(__ram_from_flash$$)
22000000  200006c        2     1         ./ra/fsp/src/r_glcdc/r_glcdc.o:(.data.g_clut_data_latched)
22000000  200006c        2     1                 g_clut_data_latched
22000002  200006e        0     1         __ram_from_flash$$Limit = .
22000020 22000020        0     1 __ram_noinit_nocache$$
22000020 22000020        0     1         __ram_noinit_nocache$$Base = .
22000020 22000020        0     1         __ram_noinit_nocache$$Limit = .
22000020 22000020        0     1 __ram_zero_nocache$$
22000020 22000020        0     1         __ram_zero_nocache$$Base = .
22000020 22000020        0     1         . = ALIGN(32)
22000020 22000020        0     1         __ram_zero_nocache$$Limit = .
22000020 22000020     802c     8 __ram_noinit$$
22000020 22000020        0     1         __ram_noinit$$Base = .
22000020 22000020     8000     8         ./ra/fsp/src/bsp/cmsis/Device/RENESAS/Source/startup.o:(.bss.g_main_stack)
22000020 22000020     8000     1                 g_main_stack
22008020 22008020       2c     4         ./ra/fsp/src/bsp/mcu/all/bsp_clocks.o:(.ram_noinit)
22008020 22008020       2c     1                 g_clock_freq
2200804c 2200804c        0     1         __ram_noinit$$Limit = .
2200804c 2200804c      588     4 __ram_zero$$
2200804c 2200804c        0     1         __ram_zero$$Base = .
2200804c 2200804c       a8     4         ./src/SEGGER_RTT/SEGGER_RTT.o:(.bss._SEGGER_RTT)
2200804c 2200804c       a8     1                 _SEGGER_RTT
220080f4 220080f4      400     1         ./src/SEGGER_RTT/SEGGER_RTT.o:(.bss._acUpBuffer)
220080f4 220080f4      400     1                 _acUpBuffer
220084f4 220084f4       10     1         ./src/SEGGER_RTT/SEGGER_RTT.o:(.bss._acDownBuffer)
220084f4 220084f4       10     1                 _acDownBuffer
22008504 22008504        8     4         ./ra_gen/common_data.o:(.bss.g_ioport_ctrl)
22008504 22008504        8     1                 g_ioport_ctrl
2200850c 2200850c       20     4         ./ra_gen/hal_data.o:(.bss.g_timer6_ctrl)
2200850c 2200850c       20     1                 g_timer6_ctrl
2200852c 2200852c        4     4         ./ra/fsp/src/r_glcdc/r_glcdc.o:(.bss.g_ctrl_blk.4)
2200852c 2200852c        4     1                 g_ctrl_blk.4
22008530 22008530        8     4         ./ra/fsp/src/r_glcdc/r_glcdc.o:(.bss.g_fade_pending)
22008530 22008530        8     1                 g_fade_pending
22008538 22008538        4     4         ./ra/fsp/src/r_glcdc/r_glcdc.o:(.bss.g_frame_ctr)
22008538 22008538        4     1                 g_frame_ctr
2200853c 2200853c       54     4         ./ra/fsp/src/bsp/mcu/all/bsp_group_irq.o:(.bss.g_bsp_group_irq_sources)
2200853c 2200853c       54     1                 g_bsp_group_irq_sources
22008590 22008590        4     4         ./ra/fsp/src/bsp/mcu/all/bsp_io.o:(.bss.g_protect_pfswe_counter)
22008590 22008590        4     1                 g_protect_pfswe_counter
22008594 22008594       2c     4         ./ra/fsp/src/bsp/mcu/all/bsp_irq.o:(.bss.gp_renesas_isr_context)
22008594 22008594       2c     1                 gp_renesas_isr_context
220085c0 220085c0        a     2         ./ra/fsp/src/bsp/mcu/all/bsp_register_protection.o:(.bss.g_protect_counters)
220085c0 220085c0        a     1                 g_protect_counters
220085cc 220085cc        4     4         ./ra/fsp/src/bsp/cmsis/Device/RENESAS/Source/system.o:(.bss.SystemCoreClock)
220085cc 220085cc        4     1                 SystemCoreClock
220085d0 220085d0        4     4         E:\Renesas\RAv6.4.0\RA\toolchains\llvm_arm\ATfE-21.1.1-Windows-x86_64\bin\..\lib\clang-runtimes/arm-none-eabi/armv8.1m.main_hard_fpdp_nomve_exn_rtti_unaligned\lib\libc.a(libc_picolib_machine_arm_tls.c.o):(.bss.__tls)
220085d0 220085d0        4     1                 __tls
220085d4 220085d4        0     1         __ram_zero$$Limit = .
220085d4 220085d4        0     1 __ram_tdata$$
220085d4 220085d4        0     1         __ram_tdata$$Base = .
220085d4 220085d4        0     1         __ram_tdata$$Load = LOADADDR(__ram_tdata$$)
220085d4 220085d4        0     1         __ram_tdata$$Limit = .
220085d4 220085d4        0     1 __ram_tbss$$
220085d4 220085d4        0     1         __ram_tbss$$Base = .
220085d4 220085d4        0     1         __ram_tbss$$Limit = .
220085d8 220085d8        0     1 __ram_thread_stack$$
220085d8 220085d8        0     1         __ram_thread_stack$$Base = .
220085d8 220085d8        0     1         __ram_thread_stack$$Limit = .
22008600 22008600        0     1 .ram.endof
22008600 22008600        0     1         __ddsc_RAM_END = .
22008600 22008600        0     1 .ram.flat_nsc
22008600 22008600        0     1         __ddsc_RAM_NSC = .
 2000070  2000070     38e2     8 __flash_readonly$$
 2000070  2000070        0     1         __flash_readonly$$Base = .
 2000070  2000070      158     8         ./src/SEGGER_RTT/SEGGER_RTT.o:(.text.SEGGER_RTT_WriteNoLock)
 2000070  2000070        0     1                 $t
 2000071  2000071      158     1                 SEGGER_RTT_WriteNoLock
 20001c8  20001c8       9e     8         ./src/SEGGER_RTT/SEGGER_RTT.o:(.text.SEGGER_RTT_Write)
 20001c8  20001c8        0     1                 $t
 20001c9  20001c9       9e     1                 SEGGER_RTT_Write
 2000268  2000268      4c6     8         ./src/SEGGER_RTT/SEGGER_RTT_printf.o:(.text.SEGGER_RTT_vprintf)
 2000268  2000268        0     1                 $t
 2000269  2000269      4c6     1                 SEGGER_RTT_vprintf
 2000304  2000304        0     1                 $d
 2000318  2000318        0     1                 $t
 20003e8  20003e8        0     1                 $d
 200040a  200040a        0     1                 $t
 2000730  2000730      18a     8         ./src/SEGGER_RTT/SEGGER_RTT_printf.o:(.text._PrintUnsigned)
 2000730  2000730        0     1                 $t
 2000731  2000731      18a     1                 _PrintUnsigned
 20008c0  20008c0       1e     8         ./src/SEGGER_RTT/SEGGER_RTT_printf.o:(.text.SEGGER_RTT_printf)
 20008c0  20008c0        0     1                 $t
 20008c1  20008c1       1e     1                 SEGGER_RTT_printf
 20008e0  20008e0       3e     8         ./src/GPT/gpt_fan.o:(.text.init_gpt_timer)
 20008e0  20008e0        0     1                 $t
 20008e1  20008e1       3e     1                 init_gpt_timer
 2000920  2000920       3a     8         ./src/GPT/gpt_fan.o:(.text.start_gpt_timer)
 2000920  2000920        0     1                 $t
 2000921  2000921       3a     1                 start_gpt_timer
 2000960  2000960       7a     8         ./src/GPT/gpt_fan.o:(.text.set_timer_duty_cycle)
 2000960  2000960        0     1                 $t
 2000961  2000961       7a     1                 set_timer_duty_cycle
 20009e0  20009e0       72     8         ./src/hal_entry.o:(.text.hal_entry)
 20009e0  20009e0        0     1                 $t
 20009e1  20009e1       72     1                 hal_entry
 2000a58  2000a58       26     8         ./src/hal_warmstart.o:(.text.R_BSP_WarmStart)
 2000a58  2000a58        0     1                 $t
 2000a59  2000a59       26     1                 R_BSP_WarmStart
 2000a80  2000a80        a     8         ./ra_gen/main.o:(.text.main)
 2000a80  2000a80        0     1                 $t
 2000a81  2000a81        a     1                 main
 2000a90  2000a90       ca     8         ./ra/fsp/src/r_vin/r_vin.o:(.text.vin_status_isr)
 2000a90  2000a90        0     1                 $t
 2000a91  2000a91       ca     1                 vin_status_isr
 2000b60  2000b60       7e     8         ./ra/fsp/src/r_mipi_csi/r_mipi_csi.o:(.text.mipi_csi_rx_isr)
 2000b60  2000b60        0     1                 $t
 2000b61  2000b61       7e     1                 mipi_csi_rx_isr
 2000be0  2000be0       ce     8         ./ra/fsp/src/r_mipi_csi/r_mipi_csi.o:(.text.mipi_csi_dl_isr)
 2000be0  2000be0        0     1                 $t
 2000be1  2000be1       ce     1                 mipi_csi_dl_isr
 2000cb0  2000cb0       80     8         ./ra/fsp/src/r_mipi_csi/r_mipi_csi.o:(.text.mipi_csi_vc_isr)
 2000cb0  2000cb0        0     1                 $t
 2000cb1  2000cb1       80     1                 mipi_csi_vc_isr
 2000d30  2000d30       16     8         ./ra/fsp/src/r_ioport/r_ioport.o:(.text.R_IOPORT_Open)
 2000d30  2000d30        0     1                 $t
 2000d31  2000d31       16     1                 R_IOPORT_Open
 2000d48  2000d48        a     8         ./ra/fsp/src/r_ioport/r_ioport.o:(.text.R_IOPORT_Close)
 2000d48  2000d48        0     1                 $t
 2000d49  2000d49        a     1                 R_IOPORT_Close
 2000d58  2000d58        c     8         ./ra/fsp/src/r_ioport/r_ioport.o:(.text.R_IOPORT_PinsCfg)
 2000d58  2000d58        0     1                 $t
 2000d59  2000d59        c     1                 R_IOPORT_PinsCfg
 2000d68  2000d68       ba     8         ./ra/fsp/src/r_ioport/r_ioport.o:(.text.R_IOPORT_PinCfg)
 2000d68  2000d68        0     1                 $t
 2000d69  2000d69       ba     1                 R_IOPORT_PinCfg
 2000e28  2000e28       2a     8         ./ra/fsp/src/r_ioport/r_ioport.o:(.text.R_IOPORT_PinEventInputRead)
 2000e28  2000e28        0     1                 $t
 2000e29  2000e29       2a     1                 R_IOPORT_PinEventInputRead
 2000e58  2000e58       46     8         ./ra/fsp/src/r_ioport/r_ioport.o:(.text.R_IOPORT_PinEventOutputWrite)
 2000e58  2000e58        0     1                 $t
 2000e59  2000e59       46     1                 R_IOPORT_PinEventOutputWrite
 2000ea0  2000ea0       22     8         ./ra/fsp/src/r_ioport/r_ioport.o:(.text.R_IOPORT_PinRead)
 2000ea0  2000ea0        0     1                 $t
 2000ea1  2000ea1       22     1                 R_IOPORT_PinRead
 2000ec8  2000ec8       32     8         ./ra/fsp/src/r_ioport/r_ioport.o:(.text.R_IOPORT_PinWrite)
 2000ec8  2000ec8        0     1                 $t
 2000ec9  2000ec9       32     1                 R_IOPORT_PinWrite
 2000f00  2000f00       30     8         ./ra/fsp/src/r_ioport/r_ioport.o:(.text.R_IOPORT_PortDirectionSet)
 2000f00  2000f00        0     1                 $t
 2000f01  2000f01       30     1                 R_IOPORT_PortDirectionSet
 2000f30  2000f30       1a     8         ./ra/fsp/src/r_ioport/r_ioport.o:(.text.R_IOPORT_PortEventInputRead)
 2000f30  2000f30        0     1                 $t
 2000f31  2000f31       1a     1                 R_IOPORT_PortEventInputRead
 2000f50  2000f50       22     8         ./ra/fsp/src/r_ioport/r_ioport.o:(.text.R_IOPORT_PortEventOutputWrite)
 2000f50  2000f50        0     1                 $t
 2000f51  2000f51       22     1                 R_IOPORT_PortEventOutputWrite
 2000f78  2000f78       18     8         ./ra/fsp/src/r_ioport/r_ioport.o:(.text.R_IOPORT_PortRead)
 2000f78  2000f78        0     1                 $t
 2000f79  2000f79       18     1                 R_IOPORT_PortRead
 2000f90  2000f90       22     8         ./ra/fsp/src/r_ioport/r_ioport.o:(.text.R_IOPORT_PortWrite)
 2000f90  2000f90        0     1                 $t
 2000f91  2000f91       22     1                 R_IOPORT_PortWrite
 2000fb8  2000fb8       d2     8         ./ra/fsp/src/r_ioport/r_ioport.o:(.text.r_ioport_pins_config)
 2000fb8  2000fb8        0     1                 $t
 2000fb9  2000fb9       d2     1                 r_ioport_pins_config
 2001090  2001090       e4     8         ./ra/fsp/src/r_ioport/r_ioport.o:(.text.bsp_vbatt_init)
 2001090  2001090        0     1                 $t
 2001091  2001091       e4     1                 bsp_vbatt_init
 2001178  2001178      1ee     8         ./ra/fsp/src/r_iic_master/r_iic_master.o:(.text.iic_master_open_hw_master)
 2001178  2001178        0     1                 $t
 2001179  2001179      1ee     1                 iic_master_open_hw_master
 2001368  2001368      286     8         ./ra/fsp/src/r_iic_master/r_iic_master.o:(.text.iic_master_rxi_isr)
 2001368  2001368        0     1                 $t
 2001369  2001369      286     1                 iic_master_rxi_isr
 20015f0  20015f0      1c0     8         ./ra/fsp/src/r_iic_master/r_iic_master.o:(.text.iic_master_txi_isr)
 20015f0  20015f0        0     1                 $t
 20015f1  20015f1      1c0     1                 iic_master_txi_isr
 20017b0  20017b0      142     8         ./ra/fsp/src/r_iic_master/r_iic_master.o:(.text.iic_master_tei_isr)
 20017b0  20017b0        0     1                 $t
 20017b1  20017b1      142     1                 iic_master_tei_isr
 20018f8  20018f8      1b2     8         ./ra/fsp/src/r_iic_master/r_iic_master.o:(.text.iic_master_eri_isr)
 20018f8  20018f8        0     1                 $t
 20018f9  20018f9      1b2     1                 iic_master_eri_isr
 2001ab0  2001ab0       64     8         ./ra/fsp/src/r_iic_master/r_iic_master.o:(.text.iic_master_notify)
 2001ab0  2001ab0        0     1                 $t
 2001ab1  2001ab1       64     1                 iic_master_notify
 2001b18  2001b18      4ca     8         ./ra/fsp/src/r_gpt/r_gpt.o:(.text.R_GPT_Open)
 2001b18  2001b18        0     1                 $t
 2001b19  2001b19      4ca     1                 R_GPT_Open
 2001fe8  2001fe8        a     8         ./ra/fsp/src/r_gpt/r_gpt.o:(.text.R_GPT_Start)
 2001fe8  2001fe8        0     1                 $t
 2001fe9  2001fe9        a     1                 R_GPT_Start
 2001ff8  2001ff8      11e     8         ./ra/fsp/src/r_gpt/r_gpt.o:(.text.R_GPT_DutyCycleSet)
 2001ff8  2001ff8        0     1                 $t
 2001ff9  2001ff9      11e     1                 R_GPT_DutyCycleSet
 2002118  2002118       8a     8         ./ra/fsp/src/r_gpt/r_gpt.o:(.text.R_GPT_InfoGet)
 2002118  2002118        0     1                 $t
 2002119  2002119       8a     1                 R_GPT_InfoGet
 20021a8  20021a8       84     8         ./ra/fsp/src/r_glcdc/r_glcdc.o:(.text.glcdc_line_detect_isr)
 20021a8  20021a8        0     1                 $t
 20021a9  20021a9       84     1                 glcdc_line_detect_isr
 2002230  2002230       56     8         ./ra/fsp/src/r_glcdc/r_glcdc.o:(.text.glcdc_underflow_1_isr)
 2002230  2002230        0     1                 $t
 2002231  2002231       56     1                 glcdc_underflow_1_isr
 2002288  2002288       56     8         ./ra/fsp/src/r_glcdc/r_glcdc.o:(.text.glcdc_underflow_2_isr)
 2002288  2002288        0     1                 $t
 2002289  2002289       56     1                 glcdc_underflow_2_isr
 20022e0  20022e0       aa     8         ./ra/fsp/src/bsp/mcu/all/bsp_clocks.o:(.text.SystemCoreClockUpdate)
 20022e0  20022e0        0     1                 $t
 20022e1  20022e1       aa     1                 SystemCoreClockUpdate
 20022fc  20022fc        0     1                 $d
 2002300  2002300        0     1                 $t
 2002390  2002390      4e8     8         ./ra/fsp/src/bsp/mcu/all/bsp_clocks.o:(.text.bsp_clock_init)
 2002390  2002390        0     1                 $t
 2002391  2002391      4e8     1                 bsp_clock_init
 2002434  2002434        0     1                 $d
 2002438  2002438        0     1                 $t
 2002642  2002642        0     1                 $d
 2002646  2002646        0     1                 $t
 20026ce  20026ce        0     1                 $d
 20026d2  20026d2        0     1                 $t
 2002878  2002878        2     8         ./ra/fsp/src/bsp/mcu/all/bsp_clocks.o:(.text.R_BSP_SubClockStabilizeWaitAfterReset)
 2002878  2002878        0     1                 $t
 2002879  2002879        2     1                 R_BSP_SubClockStabilizeWaitAfterReset
 2002880  2002880       8a     8         ./ra/fsp/src/bsp/mcu/all/bsp_clocks.o:(.text.R_BSP_Init_RTC)
 2002880  2002880        0     1                 $t
 2002881  2002881       8a     1                 R_BSP_Init_RTC
 2002910  2002910       80     8         ./ra/fsp/src/bsp/mcu/all/bsp_delay.o:(.text.R_BSP_SoftwareDelay)
 2002910  2002910        0     1                 $t
 2002911  2002911       80     1                 R_BSP_SoftwareDelay
 2002990  2002990        8     8         ./ra/fsp/src/bsp/mcu/all/bsp_delay.o:(.text.bsp_prv_software_delay_loop)
 2002990  2002990        0     1                 sw_delay_loop
 2002990  2002990        0     1                 $t
 2002991  2002991        8     1                 bsp_prv_software_delay_loop
 2002998  2002998       52     8         ./ra/fsp/src/bsp/mcu/all/bsp_group_irq.o:(.text.NMI_Handler)
 2002998  2002998        0     1                 $t
 2002999  2002999       52     1                 NMI_Handler
 20029f0  20029f0       2a     8         ./ra/fsp/src/bsp/mcu/all/bsp_irq.o:(.text.bsp_irq_cfg)
 20029f0  20029f0        0     1                 $t
 20029f1  20029f1       2a     1                 bsp_irq_cfg
 2002a20  2002a20       54     8         ./ra/fsp/src/bsp/mcu/all/bsp_register_protection.o:(.text.R_BSP_RegisterProtectEnable)
 2002a20  2002a20        0     1                 $t
 2002a21  2002a21       54     1                 R_BSP_RegisterProtectEnable
 2002a78  2002a78       4c     8         ./ra/fsp/src/bsp/mcu/all/bsp_register_protection.o:(.text.R_BSP_RegisterProtectDisable)
 2002a78  2002a78        0     1                 $t
 2002a79  2002a79       4c     1                 R_BSP_RegisterProtectDisable
 2002ac8  2002ac8       d8     8         ./ra/fsp/src/bsp/mcu/all/bsp_sdram.o:(.text.R_BSP_SdramInit)
 2002ac8  2002ac8        0     1                 $t
 2002ac9  2002ac9       d8     1                 R_BSP_SdramInit
 2002ba0  2002ba0        a     8         ./ra/fsp/src/bsp/cmsis/Device/RENESAS/Source/startup.o:(.text.Reset_Handler)
 2002ba0  2002ba0        0     1                 $t
 2002ba1  2002ba1        a     1                 Reset_Handler
 2002bb0  2002bb0        4     8         ./ra/fsp/src/bsp/cmsis/Device/RENESAS/Source/startup.o:(.text.Default_Handler)
 2002bb0  2002bb0        0     1                 $t
 2002bb1  2002bb1        4     1                 Default_Handler
 2002bb1  2002bb1        4     1                 HardFault_Handler
 2002bb1  2002bb1        4     1                 MemManage_Handler
 2002bb1  2002bb1        4     1                 BusFault_Handler
 2002bb1  2002bb1        4     1                 UsageFault_Handler
 2002bb1  2002bb1        4     1                 SecureFault_Handler
 2002bb1  2002bb1        4     1                 SVC_Handler
 2002bb1  2002bb1        4     1                 DebugMon_Handler
 2002bb1  2002bb1        4     1                 PendSV_Handler
 2002bb1  2002bb1        4     1                 SysTick_Handler
 2002bb8  2002bb8      3e0     8         ./ra/fsp/src/bsp/cmsis/Device/RENESAS/Source/system.o:(.text.SystemInit)
 2002bb8  2002bb8        0     1                 $t
 2002bb9  2002bb9      3e0     1                 SystemInit
 2002cb0  2002cb0        0     1                 memset_64_loop_start_0
 2002cb8  2002cb8        0     1                 memset_64_loop_end_0
 2002cc0  2002cc0        0     1                 memset_64_loop_start_1
 2002cc8  2002cc8        0     1                 memset_64_loop_end_1
 2002f98  2002f98        2     8         ./ra/board/ra8p1_cpkhmi/board_init.o:(.text.bsp_init)
 2002f98  2002f98        0     1                 $t
 2002f99  2002f99        2     1                 bsp_init
 2002f9a  2002f9a        8     2         E:\Renesas\RAv6.4.0\RA\toolchains\llvm_arm\ATfE-21.1.1-Windows-x86_64\bin\..\lib\clang-runtimes/arm-none-eabi/armv8.1m.main_hard_fpdp_nomve_exn_rtti_unaligned\lib\libc.a(bzero.c.o):(.text.bzero)
 2002f9a  2002f9a        0     1                 $t
 2002f9b  2002f9b        8     1                 bzero
 2002f9b  2002f9b        8     1                 __aeabi_memclr4
 2002f9b  2002f9b        8     1                 __aeabi_memclr8
 2002f9b  2002f9b        8     1                 __aeabi_memclr
 2002fa4  2002fa4       ec     4         E:\Renesas\RAv6.4.0\RA\toolchains\llvm_arm\ATfE-21.1.1-Windows-x86_64\bin\..\lib\clang-runtimes/arm-none-eabi/armv8.1m.main_hard_fpdp_nomve_exn_rtti_unaligned\lib\libc.a(memcpy.S.o):(.text)
 2002fa4  2002fa4        0     1                 $t
 2002fa5  2002fa5       ec     1                 memcpy
 2002fa5  2002fa5       ec     1                 __aeabi_memcpy
 2002fa5  2002fa5       ec     1                 __aeabi_memcpy4
 2002fa5  2002fa5       ec     1                 __aeabi_memcpy8
 2003090  2003090       9a     4         E:\Renesas\RAv6.4.0\RA\toolchains\llvm_arm\ATfE-21.1.1-Windows-x86_64\bin\..\lib\clang-runtimes/arm-none-eabi/armv8.1m.main_hard_fpdp_nomve_exn_rtti_unaligned\lib\libc.a(memset.S.o):(.text)
 2003090  2003090        0     1                 $t
 2003091  2003091       9a     1                 memset
 200312a  200312a       30     2         E:\Renesas\RAv6.4.0\RA\toolchains\llvm_arm\ATfE-21.1.1-Windows-x86_64\bin\..\lib\clang-runtimes/arm-none-eabi/armv8.1m.main_hard_fpdp_nomve_exn_rtti_unaligned\lib\libc.a(libc_picolib_inittls.c.o):(.text._init_tls)
 200312a  200312a        0     1                 $t
 200312b  200312b       30     1                 _init_tls
 200315a  200315a       16     2         E:\Renesas\RAv6.4.0\RA\toolchains\llvm_arm\ATfE-21.1.1-Windows-x86_64\bin\..\lib\clang-runtimes/arm-none-eabi/armv8.1m.main_hard_fpdp_nomve_exn_rtti_unaligned\lib\libc.a(libc_picolib_machine_arm_set_tls.c.o):(.text._set_tls)
 200315a  200315a        0     1                 $t
 200315b  200315b       16     1                 _set_tls
 2003170  2003170       11     1         ./src/SEGGER_RTT/SEGGER_RTT.o:(.rodata._DoInit._aInitStr)
 2003170  2003170       11     1                 _DoInit._aInitStr
 2003181  2003181      16d     1         <internal>:(.rodata.str1.1)
 20032ee  20032ee       10     1         <internal>:(.rodata.cst16)
 2003300  2003300        c     4         ./ra_gen/common_data.o:(.rodata.g_ioport)
 2003300  2003300        c     1                 g_ioport
 200330c  200330c       58     4         ./ra_gen/hal_data.o:(.rodata.g_timer6_extend)
 200330c  200330c       58     1                 g_timer6_extend
 2003364  2003364       20     4         ./ra_gen/hal_data.o:(.rodata.g_timer6_cfg)
 2003364  2003364       20     1                 g_timer6_cfg
 2003384  2003384      2c8     4         ./ra_gen/pin_data.o:(.rodata.g_bsp_pin_cfg_data)
 2003384  2003384      2c8     1                 g_bsp_pin_cfg_data
 200364c  200364c        c     4         ./ra_gen/pin_data.o:(.rodata.g_bsp_pin_cfg)
 200364c  200364c        c     1                 g_bsp_pin_cfg
 2003658  2003658       16     2         ./ra_gen/vector_data.o:(.rodata.g_interrupt_event_link_select)
 2003658  2003658       16     1                 g_interrupt_event_link_select
 2003670  2003670       34     4         ./ra/fsp/src/r_ioport/r_ioport.o:(.rodata.g_ioport_on_ioport)
 2003670  2003670       34     1                 g_ioport_on_ioport
 20036a4  20036a4        6     2         ./ra/fsp/src/r_ioport/r_ioport.o:(.rodata.g_vbatt_pins_input)
 20036a4  20036a4        6     1                 g_vbatt_pins_input
 20036ac  20036ac       20     4         ./ra/fsp/src/bsp/mcu/ra8p1/bsp_linker.o:(.rodata.nocache_list)
 20036ac  20036ac       20     1                 nocache_list
 20036cc  20036cc       18     4         ./ra/fsp/src/bsp/mcu/ra8p1/bsp_linker.o:(.rodata.g_init_info)
 20036cc  20036cc       18     1                 g_init_info
 20036e4  20036e4       84     4         ./ra/fsp/src/bsp/mcu/ra8p1/bsp_linker.o:(.rodata.zero_list)
 20036e4  20036e4       84     1                 zero_list
 2003768  2003768      190     4         ./ra/fsp/src/bsp/mcu/ra8p1/bsp_linker.o:(.rodata.copy_list)
 2003768  2003768      190     1                 copy_list
 20038f8  20038f8        a     2         ./ra/fsp/src/bsp/mcu/all/bsp_register_protection.o:(.rodata.g_prcr_masks)
 20038f8  20038f8        a     1                 g_prcr_masks
 2003904  2003904       4e     4         ./ra/fsp/src/bsp/mcu/all/bsp_common.o:(.version)
 2003904  2003904        4     1                 g_fsp_version
 2003908  2003908        6     1                 g_fsp_version_string
 200390e  200390e       44     1                 g_fsp_version_build_string
 2003952  2003952        0     1         __flash_readonly$$Limit = .
 2003952  2003952        0     1 __flash_preinit_array$$
 2003952  2003952        0     1         __preinit_array_start = .
 2003952  2003952        0     1         __preinit_array_end = .
 2003952  2003952        0     1 __flash_init_array$$
 2003952  2003952        0     1         __init_array_start = .
 2003952  2003952        0     1         __init_array_end = .
 2003952  2003952        0     1 __flash_fini_array$$
 2003952  2003952        0     1         __fini_array_start = .
 2003952  2003952        0     1         __fini_array_end = .
 2003952  2003952        0     1 __flash_arm.exidx$$
 2003952  2003952        0     1         __exidx_start = .
 2003952  2003952        0     1         __exidx_end = .
 2003a00  2003a00        0     1 .flash.endof
 2003a00  2003a00        0     1         __ddsc_FLASH_END = .
 2003a00  2003a00        0     1 .flash.flat_nsc
 2003a00  2003a00        0     1         __ddsc_FLASH_NSC = .
 2c9f040  2c9f040        0     1 .option_setting_ofs0.startof
 2c9f040  2c9f040        0     1         __ddsc_OPTION_SETTING_OFS0_START = .
 2c9f040  2c9f040        4     4 __option_setting_ofs0_reg$$
 2c9f040  2c9f040        0     1         __option_setting_ofs0_reg$$Base = .
 2c9f040  2c9f040        4     4         ./ra/fsp/src/bsp/mcu/ra8p1/bsp_linker.o:(.option_setting_ofs0)
 2c9f040  2c9f040        4     1                 g_bsp_cfg_option_setting_ofs0
 2c9f044  2c9f044        0     1         __option_setting_ofs0_reg$$Limit = .
 2c9f044  2c9f044        0     1 .option_setting_ofs0.endof
 2c9f044  2c9f044        0     1         __ddsc_OPTION_SETTING_OFS0_END = .
 2c9f044  2c9f044        0     1 .option_setting_ofs2.startof
 2c9f044  2c9f044        0     1         __ddsc_OPTION_SETTING_OFS2_START = .
 2c9f044  2c9f044        4     4 __option_setting_ofs2_reg$$
 2c9f044  2c9f044        0     1         __option_setting_ofs2_reg$$Base = .
 2c9f044  2c9f044        4     4         ./ra/fsp/src/bsp/mcu/ra8p1/bsp_linker.o:(.option_setting_ofs2)
 2c9f044  2c9f044        4     1                 g_bsp_cfg_option_setting_ofs2
 2c9f048  2c9f048        0     1         __option_setting_ofs2_reg$$Limit = .
 2c9f048  2c9f048        0     1 .option_setting_ofs2.endof
 2c9f048  2c9f048        0     1         __ddsc_OPTION_SETTING_OFS2_END = .
 2c9f074  2c9f074        0     1 .option_setting_sas.startof
 2c9f074  2c9f074        0     1         __ddsc_OPTION_SETTING_SAS_START = .
 2c9f074  2c9f074        0     1 __option_setting_sas_reg$$
 2c9f074  2c9f074        0     1         __option_setting_sas_reg$$Base = .
 2c9f074  2c9f074        0     1         __option_setting_sas_reg$$Limit = .
 2c9f074  2c9f074        0     1 .option_setting_sas.endof
 2c9f074  2c9f074        0     1         __ddsc_OPTION_SETTING_SAS_END = .
12c9f4c0 12c9f4c0        0     1 .option_setting_ofs1.startof
12c9f4c0 12c9f4c0        0     1         __ddsc_OPTION_SETTING_OFS1_START = .
12c9f4c0 12c9f4c0        0     1 __option_setting_ofs1_reg$$
12c9f4c0 12c9f4c0        0     1         __option_setting_ofs1_reg$$Base = .
12c9f4c0 12c9f4c0        0     1         __option_setting_ofs1_reg$$Limit = .
12c9f4c0 12c9f4c0        0     1 .option_setting_ofs1.endof
12c9f4c0 12c9f4c0        0     1         __ddsc_OPTION_SETTING_OFS1_END = .
 2c9f0c0  2c9f0c0        0     1 .option_setting_ofs1_sec.startof
 2c9f0c0  2c9f0c0        0     1         __ddsc_OPTION_SETTING_OFS1_SEC_START = .
 2c9f0c0  2c9f0c0        4     4 __option_setting_ofs1_sec_reg$$
 2c9f0c0  2c9f0c0        0     1         __option_setting_ofs1_sec_reg$$Base = .
 2c9f0c0  2c9f0c0        4     4         ./ra/fsp/src/bsp/mcu/ra8p1/bsp_linker.o:(.option_setting_ofs1_sec)
 2c9f0c0  2c9f0c0        4     1                 g_bsp_cfg_option_setting_ofs1_sec
 2c9f0c4  2c9f0c4        0     1         __option_setting_ofs1_sec_reg$$Limit = .
 2c9f0c4  2c9f0c4        0     1 .option_setting_ofs1_sec.endof
 2c9f0c4  2c9f0c4        0     1         __ddsc_OPTION_SETTING_OFS1_SEC_END = .
 2c9f120  2c9f120        0     1 .option_setting_ofs1_sel.startof
 2c9f120  2c9f120        0     1         __ddsc_OPTION_SETTING_OFS1_SEL_START = .
 2c9f120  2c9f120        4     4 __option_setting_ofs1_sel_reg$$
 2c9f120  2c9f120        0     1         __option_setting_ofs1_sel_reg$$Base = .
 2c9f120  2c9f120        4     4         ./ra/fsp/src/bsp/mcu/ra8p1/bsp_linker.o:(.option_setting_ofs1_sel)
 2c9f120  2c9f120        4     1                 g_bsp_cfg_option_setting_ofs1_sel
 2c9f124  2c9f124        0     1         __option_setting_ofs1_sel_reg$$Limit = .
 2c9f124  2c9f124        0     1 .option_setting_ofs1_sel.endof
 2c9f124  2c9f124        0     1         __ddsc_OPTION_SETTING_OFS1_SEL_END = .
12c9f4c4 12c9f4c4        0     1 .option_setting_ofs3.startof
12c9f4c4 12c9f4c4        0     1         __ddsc_OPTION_SETTING_OFS3_START = .
12c9f4c4 12c9f4c4        0     1 __option_setting_ofs3_reg$$
12c9f4c4 12c9f4c4        0     1         __option_setting_ofs3_reg$$Base = .
12c9f4c4 12c9f4c4        0     1         __option_setting_ofs3_reg$$Limit = .
12c9f4c4 12c9f4c4        0     1 .option_setting_ofs3.endof
12c9f4c4 12c9f4c4        0     1         __ddsc_OPTION_SETTING_OFS3_END = .
 2c9f0c4  2c9f0c4        0     1 .option_setting_ofs3_sec.startof
 2c9f0c4  2c9f0c4        0     1         __ddsc_OPTION_SETTING_OFS3_SEC_START = .
 2c9f0c4  2c9f0c4        4     4 __option_setting_ofs3_sec_reg$$
 2c9f0c4  2c9f0c4        0     1         __option_setting_ofs3_sec_reg$$Base = .
 2c9f0c4  2c9f0c4        4     4         ./ra/fsp/src/bsp/mcu/ra8p1/bsp_linker.o:(.option_setting_ofs3_sec)
 2c9f0c4  2c9f0c4        4     1                 g_bsp_cfg_option_setting_ofs3_sec
 2c9f0c8  2c9f0c8        0     1         __option_setting_ofs3_sec_reg$$Limit = .
 2c9f0c8  2c9f0c8        0     1 .option_setting_ofs3_sec.endof
 2c9f0c8  2c9f0c8        0     1         __ddsc_OPTION_SETTING_OFS3_SEC_END = .
 2c9f124  2c9f124        0     1 .option_setting_ofs3_sel.startof
 2c9f124  2c9f124        0     1         __ddsc_OPTION_SETTING_OFS3_SEL_START = .
 2c9f124  2c9f124        4     4 __option_setting_ofs3_sel_reg$$
 2c9f124  2c9f124        0     1         __option_setting_ofs3_sel_reg$$Base = .
 2c9f124  2c9f124        4     4         ./ra/fsp/src/bsp/mcu/ra8p1/bsp_linker.o:(.option_setting_ofs3_sel)
 2c9f124  2c9f124        4     1                 g_bsp_cfg_option_setting_ofs3_sel
 2c9f128  2c9f128        0     1         __option_setting_ofs3_sel_reg$$Limit = .
 2c9f128  2c9f128        0     1 .option_setting_ofs3_sel.endof
 2c9f128  2c9f128        0     1         __ddsc_OPTION_SETTING_OFS3_SEL_END = .
12c9f600 12c9f600        0     1 .option_setting_bps.startof
12c9f600 12c9f600        0     1         __ddsc_OPTION_SETTING_BPS_START = .
12c9f600 12c9f600        0     1 __option_setting_bps_reg$$
12c9f600 12c9f600        0     1         __option_setting_bps_reg$$Base = .
12c9f600 12c9f600        0     1         __option_setting_bps_reg$$Limit = .
12c9f600 12c9f600        0     1 .option_setting_bps.endof
12c9f600 12c9f600        0     1         __ddsc_OPTION_SETTING_BPS_END = .
 2c9f200  2c9f200        0     1 .option_setting_bps_sec.startof
 2c9f200  2c9f200        0     1         __ddsc_OPTION_SETTING_BPS_SEC_START = .
 2c9f200  2c9f200        0     1 __option_setting_bps_sec_reg$$
 2c9f200  2c9f200        0     1         __option_setting_bps_sec_reg$$Base = .
 2c9f200  2c9f200        0     1         __option_setting_bps_sec_reg$$Limit = .
 2c9f200  2c9f200        0     1 .option_setting_bps_sec.endof
 2c9f200  2c9f200        0     1         __ddsc_OPTION_SETTING_BPS_SEC_END = .
 2e07600  2e07600        0     1 .option_setting_otp_fsblctrl0.startof
 2e07600  2e07600        0     1         __ddsc_OPTION_SETTING_OTP_FSBLCTRL0_START = .
 2e07600  2e07600        0     1 __option_setting_otp_fsblctrl0_reg$$
 2e07600  2e07600        0     1         __option_setting_otp_fsblctrl0_reg$$Base = .
 2e07600  2e07600        0     1         __option_setting_otp_fsblctrl0_reg$$Limit = .
 2e07600  2e07600        0     1 .option_setting_otp_fsblctrl0.endof
 2e07600  2e07600        0     1         __ddsc_OPTION_SETTING_OTP_FSBLCTRL0_END = .
 2e07604  2e07604        0     1 .option_setting_otp_fsblctrl1.startof
 2e07604  2e07604        0     1         __ddsc_OPTION_SETTING_OTP_FSBLCTRL1_START = .
 2e07604  2e07604        0     1 __option_setting_otp_fsblctrl1_reg$$
 2e07604  2e07604        0     1         __option_setting_otp_fsblctrl1_reg$$Base = .
 2e07604  2e07604        0     1         __option_setting_otp_fsblctrl1_reg$$Limit = .
 2e07604  2e07604        0     1 .option_setting_otp_fsblctrl1.endof
 2e07604  2e07604        0     1         __ddsc_OPTION_SETTING_OTP_FSBLCTRL1_END = .
 2e07608  2e07608        0     1 .option_setting_otp_fsblctrl2.startof
 2e07608  2e07608        0     1         __ddsc_OPTION_SETTING_OTP_FSBLCTRL2_START = .
 2e07608  2e07608        0     1 __option_setting_otp_fsblctrl2_reg$$
 2e07608  2e07608        0     1         __option_setting_otp_fsblctrl2_reg$$Base = .
 2e07608  2e07608        0     1         __option_setting_otp_fsblctrl2_reg$$Limit = .
 2e07608  2e07608        0     1 .option_setting_otp_fsblctrl2.endof
 2e07608  2e07608        0     1         __ddsc_OPTION_SETTING_OTP_FSBLCTRL2_END = .
 2e07614  2e07614        0     1 .option_setting_otp_samr.startof
 2e07614  2e07614        0     1         __ddsc_OPTION_SETTING_OTP_SAMR_START = .
 2e07614  2e07614        0     1 __option_setting_otp_samr_reg$$
 2e07614  2e07614        0     1         __option_setting_otp_samr_reg$$Base = .
 2e07614  2e07614        0     1         __option_setting_otp_samr_reg$$Limit = .
 2e07614  2e07614        0     1 .option_setting_otp_samr.endof
 2e07614  2e07614        0     1         __ddsc_OPTION_SETTING_OTP_SAMR_END = .
 2e07620  2e07620        0     1 .option_setting_otp_sacc00.startof
 2e07620  2e07620        0     1         __ddsc_OPTION_SETTING_OTP_SACC00_START = .
 2e07620  2e07620        0     1 __option_setting_otp_sacc00_reg$$
 2e07620  2e07620        0     1         __option_setting_otp_sacc00_reg$$Base = .
 2e07620  2e07620        0     1         __option_setting_otp_sacc00_reg$$Limit = .
 2e07620  2e07620        0     1 .option_setting_otp_sacc00.endof
 2e07620  2e07620        0     1         __ddsc_OPTION_SETTING_OTP_SACC00_END = .
 2e07630  2e07630        0     1 .option_setting_otp_sacc10.startof
 2e07630  2e07630        0     1         __ddsc_OPTION_SETTING_OTP_SACC10_START = .
 2e07630  2e07630        0     1 __option_setting_otp_sacc10_reg$$
 2e07630  2e07630        0     1         __option_setting_otp_sacc10_reg$$Base = .
 2e07630  2e07630        0     1         __option_setting_otp_sacc10_reg$$Limit = .
 2e07630  2e07630        0     1 .option_setting_otp_sacc10.endof
 2e07630  2e07630        0     1         __ddsc_OPTION_SETTING_OTP_SACC10_END = .
 2e07640  2e07640        0     1 .option_setting_otp_sacc01.startof
 2e07640  2e07640        0     1         __ddsc_OPTION_SETTING_OTP_SACC01_START = .
 2e07640  2e07640        0     1 __option_setting_otp_sacc01_reg$$
 2e07640  2e07640        0     1         __option_setting_otp_sacc01_reg$$Base = .
 2e07640  2e07640        0     1         __option_setting_otp_sacc01_reg$$Limit = .
 2e07640  2e07640        0     1 .option_setting_otp_sacc01.endof
 2e07640  2e07640        0     1         __ddsc_OPTION_SETTING_OTP_SACC01_END = .
 2e07650  2e07650        0     1 .option_setting_otp_sacc11.startof
 2e07650  2e07650        0     1         __ddsc_OPTION_SETTING_OTP_SACC11_START = .
 2e07650  2e07650        0     1 __option_setting_otp_sacc11_reg$$
 2e07650  2e07650        0     1         __option_setting_otp_sacc11_reg$$Base = .
 2e07650  2e07650        0     1         __option_setting_otp_sacc11_reg$$Limit = .
 2e07650  2e07650        0     1 .option_setting_otp_sacc11.endof
 2e07650  2e07650        0     1         __ddsc_OPTION_SETTING_OTP_SACC11_END = .
 2e07660  2e07660        0     1 .option_setting_otp_sacc02.startof
 2e07660  2e07660        0     1         __ddsc_OPTION_SETTING_OTP_SACC02_START = .
 2e07660  2e07660        0     1 __option_setting_otp_sacc02_reg$$
 2e07660  2e07660        0     1         __option_setting_otp_sacc02_reg$$Base = .
 2e07660  2e07660        0     1         __option_setting_otp_sacc02_reg$$Limit = .
 2e07660  2e07660        0     1 .option_setting_otp_sacc02.endof
 2e07660  2e07660        0     1         __ddsc_OPTION_SETTING_OTP_SACC02_END = .
 2e07670  2e07670        0     1 .option_setting_otp_sacc12.startof
 2e07670  2e07670        0     1         __ddsc_OPTION_SETTING_OTP_SACC12_START = .
 2e07670  2e07670        0     1 __option_setting_otp_sacc12_reg$$
 2e07670  2e07670        0     1         __option_setting_otp_sacc12_reg$$Base = .
 2e07670  2e07670        0     1         __option_setting_otp_sacc12_reg$$Limit = .
 2e07670  2e07670        0     1 .option_setting_otp_sacc12.endof
 2e07670  2e07670        0     1         __ddsc_OPTION_SETTING_OTP_SACC12_END = .
 2e07680  2e07680        0     1 .option_setting_otp_sacc03.startof
 2e07680  2e07680        0     1         __ddsc_OPTION_SETTING_OTP_SACC03_START = .
 2e07680  2e07680        0     1 __option_setting_otp_sacc03_reg$$
 2e07680  2e07680        0     1         __option_setting_otp_sacc03_reg$$Base = .
 2e07680  2e07680        0     1         __option_setting_otp_sacc03_reg$$Limit = .
 2e07680  2e07680        0     1 .option_setting_otp_sacc03.endof
 2e07680  2e07680        0     1         __ddsc_OPTION_SETTING_OTP_SACC03_END = .
 2e07690  2e07690        0     1 .option_setting_otp_sacc13.startof
 2e07690  2e07690        0     1         __ddsc_OPTION_SETTING_OTP_SACC13_START = .
 2e07690  2e07690        0     1 __option_setting_otp_sacc13_reg$$
 2e07690  2e07690        0     1         __option_setting_otp_sacc13_reg$$Base = .
 2e07690  2e07690        0     1         __option_setting_otp_sacc13_reg$$Limit = .
 2e07690  2e07690        0     1 .option_setting_otp_sacc13.endof
 2e07690  2e07690        0     1         __ddsc_OPTION_SETTING_OTP_SACC13_END = .
 2e17700  2e17700        0     1 .option_setting_otp_pbps_sec.startof
 2e17700  2e17700        0     1         __ddsc_OPTION_SETTING_OTP_PBPS_SEC_START = .
 2e17700  2e17700        0     1 __option_setting_otp_pbps_sec_reg$$
 2e17700  2e17700        0     1         __option_setting_otp_pbps_sec_reg$$Base = .
 2e17700  2e17700        0     1         __option_setting_otp_pbps_sec_reg$$Limit = .
 2e17700  2e17700        0     1 .option_setting_otp_pbps_sec.endof
 2e17700  2e17700        0     1         __ddsc_OPTION_SETTING_OTP_PBPS_SEC_END = .
12e17780 12e17780        0     1 .option_setting_otp_pbps.startof
12e17780 12e17780        0     1         __ddsc_OPTION_SETTING_OTP_PBPS_START = .
12e17780 12e17780        0     1 __option_setting_otp_pbps_reg$$
12e17780 12e17780        0     1         __option_setting_otp_pbps_reg$$Base = .
12e17780 12e17780        0     1         __option_setting_otp_pbps_reg$$Limit = .
12e17780 12e17780        0     1 .option_setting_otp_pbps.endof
12e17780 12e17780        0     1         __ddsc_OPTION_SETTING_OTP_PBPS_END = .
 2e17920  2e17920        0     1 .option_setting_otp_zhuk.startof
 2e17920  2e17920        0     1         __ddsc_OPTION_SETTING_OTP_ZHUK_START = .
 2e17920  2e17920        0     1 __option_setting_otp_zhuk_reg$$
 2e17920  2e17920        0     1         __option_setting_otp_zhuk_reg$$Base = .
 2e17920  2e17920        0     1         __option_setting_otp_zhuk_reg$$Limit = .
 2e17920  2e17920        0     1 .option_setting_otp_zhuk.endof
 2e17920  2e17920        0     1         __ddsc_OPTION_SETTING_OTP_ZHUK_END = .
 2e17920  2e17920        0     1 PROVIDE( __tls_base = ADDR (__ram_tdata$$))
 2e17920  2e17920        0     1 PROVIDE( __tdata_source = LOADADDR (__ram_tdata$$))
 2e17920  2e17920        0     1 PROVIDE( __tdata_size = SIZEOF (__ram_tdata$$))
 2e17920  2e17920        0     1 PROVIDE( __tbss_offset = ADDR (__ram_tbss$$) - ADDR (__ram_tdata$$))
 2e17920  2e17920        0     1 PROVIDE( __tbss_size = SIZEOF (__ram_tbss$$))
 2e17920  2e17920        0     1 PROVIDE( __arm32_tls_tcb_offset = 8)
       0        0       3c     1 .ARM.attributes
       0        0       3c     1         E:\Renesas\RAv6.4.0\RA\toolchains\llvm_arm\ATfE-21.1.1-Windows-x86_64\bin\..\lib\clang-runtimes/arm-none-eabi/armv8.1m.main_hard_fpdp_nomve_exn_rtti_unaligned\lib\crt0.o:(.ARM.attributes)
       0        0     5cb7     1 .debug_loclists
       0        0     1770     1         ./src/SEGGER_RTT/SEGGER_RTT.o:(.debug_loclists)
    1770     1770      5b1     1         ./src/SEGGER_RTT/SEGGER_RTT_printf.o:(.debug_loclists)
    1d21     1d21       dd     1         ./src/GPT/gpt_fan.o:(.debug_loclists)
    1dfe     1dfe       5e     1         ./src/GLCDC/glcdc_display.o:(.debug_loclists)
    1e5c     1e5c      3e5     1         ./src/CAMERA/camera_sensor.o:(.debug_loclists)
    2241     2241      1e3     1         ./src/CAMERA/i2c_control.o:(.debug_loclists)
    2424     2424      243     1         ./src/CAMERA/mipi_csi.o:(.debug_loclists)
    2667     2667       1e     1         ./src/hal_warmstart.o:(.debug_loclists)
    2685     2685      32c     1         ./ra/fsp/src/r_vin/r_vin.o:(.debug_loclists)
    29b1     29b1       8c     1         ./ra/fsp/src/r_mipi_phy/r_mipi_phy.o:(.debug_loclists)
    2a3d     2a3d      516     1         ./ra/fsp/src/r_mipi_csi/r_mipi_csi.o:(.debug_loclists)
    2f53     2f53      4aa     1         ./ra/fsp/src/r_ioport/r_ioport.o:(.debug_loclists)
    33fd     33fd      7e3     1         ./ra/fsp/src/r_iic_master/r_iic_master.o:(.debug_loclists)
    3be0     3be0      e54     1         ./ra/fsp/src/r_gpt/r_gpt.o:(.debug_loclists)
    4a34     4a34      7c9     1         ./ra/fsp/src/r_glcdc/r_glcdc.o:(.debug_loclists)
    51fd     51fd      236     1         ./ra/fsp/src/r_dtc/r_dtc.o:(.debug_loclists)
    5433     5433      413     1         ./ra/fsp/src/bsp/mcu/all/bsp_clocks.o:(.debug_loclists)
    5846     5846       1d     1         ./ra/fsp/src/bsp/mcu/all/bsp_common.o:(.debug_loclists)
    5863     5863      127     1         ./ra/fsp/src/bsp/mcu/all/bsp_delay.o:(.debug_loclists)
    598a     598a       35     1         ./ra/fsp/src/bsp/mcu/all/bsp_group_irq.o:(.debug_loclists)
    59bf     59bf       5c     1         ./ra/fsp/src/bsp/mcu/all/bsp_ipc.o:(.debug_loclists)
    5a1b     5a1b       50     1         ./ra/fsp/src/bsp/mcu/all/bsp_ospi_b.o:(.debug_loclists)
    5a6b     5a6b       6d     1         ./ra/fsp/src/bsp/mcu/all/bsp_register_protection.o:(.debug_loclists)
    5ad8     5ad8       35     1         ./ra/fsp/src/bsp/mcu/all/bsp_sbrk.o:(.debug_loclists)
    5b0d     5b0d       36     1         ./ra/fsp/src/bsp/mcu/all/bsp_sdram.o:(.debug_loclists)
    5b43     5b43      174     1         ./ra/fsp/src/bsp/cmsis/Device/RENESAS/Source/system.o:(.debug_loclists)
       0        0     4a08     1 .debug_abbrev
       0        0      21f     1         ./src/SEGGER_RTT/SEGGER_RTT.o:(.debug_abbrev)
     21f      21f      203     1         ./src/SEGGER_RTT/SEGGER_RTT_printf.o:(.debug_abbrev)
     422      422      141     1         ./src/GPT/gpt_fan.o:(.debug_abbrev)
     563      563      1a2     1         ./src/GLCDC/glcdc_display.o:(.debug_abbrev)
     705      705      2f1     1         ./src/CAMERA/camera_sensor.o:(.debug_abbrev)
     9f6      9f6      1dc     1         ./src/CAMERA/i2c_control.o:(.debug_abbrev)
     bd2      bd2      36d     1         ./src/CAMERA/mipi_csi.o:(.debug_abbrev)
     f3f      f3f       b3     1         ./src/hal_entry.o:(.debug_abbrev)
     ff2      ff2       c8     1         ./src/hal_warmstart.o:(.debug_abbrev)
    10ba     10ba      2be     1         ./ra_gen/common_data.o:(.debug_abbrev)
    1378     1378      285     1         ./ra_gen/hal_data.o:(.debug_abbrev)
    15fd     15fd       3c     1         ./ra_gen/main.o:(.debug_abbrev)
    1639     1639       e6     1         ./ra_gen/pin_data.o:(.debug_abbrev)
    171f     171f       a8     1         ./ra_gen/vector_data.o:(.debug_abbrev)
    17c7     17c7      3fb     1         ./ra/fsp/src/r_vin/r_vin.o:(.debug_abbrev)
    1bc2     1bc2      281     1         ./ra/fsp/src/r_mipi_phy/r_mipi_phy.o:(.debug_abbrev)
    1e43     1e43      3db     1         ./ra/fsp/src/r_mipi_csi/r_mipi_csi.o:(.debug_abbrev)
    221e     221e      310     1         ./ra/fsp/src/r_ioport/r_ioport.o:(.debug_abbrev)
    252e     252e      434     1         ./ra/fsp/src/r_iic_master/r_iic_master.o:(.debug_abbrev)
    2962     2962      413     1         ./ra/fsp/src/r_gpt/r_gpt.o:(.debug_abbrev)
    2d75     2d75      37c     1         ./ra/fsp/src/r_glcdc/r_glcdc.o:(.debug_abbrev)
    30f1     30f1      3e0     1         ./ra/fsp/src/r_dtc/r_dtc.o:(.debug_abbrev)
    34d1     34d1       a2     1         ./ra/fsp/src/bsp/mcu/ra8p1/bsp_linker.o:(.debug_abbrev)
    3573     3573      349     1         ./ra/fsp/src/bsp/mcu/all/bsp_clocks.o:(.debug_abbrev)
    38bc     38bc      149     1         ./ra/fsp/src/bsp/mcu/all/bsp_common.o:(.debug_abbrev)
    3a05     3a05       ad     1         ./ra/fsp/src/bsp/mcu/all/bsp_delay.o:(.debug_abbrev)
    3ab2     3ab2      208     1         ./ra/fsp/src/bsp/mcu/all/bsp_group_irq.o:(.debug_abbrev)
    3cba     3cba       44     1         ./ra/fsp/src/bsp/mcu/all/bsp_io.o:(.debug_abbrev)
    3cfe     3cfe      1d3     1         ./ra/fsp/src/bsp/mcu/all/bsp_ipc.o:(.debug_abbrev)
    3ed1     3ed1      17a     1         ./ra/fsp/src/bsp/mcu/all/bsp_irq.o:(.debug_abbrev)
    404b     404b      113     1         ./ra/fsp/src/bsp/mcu/all/bsp_ospi_b.o:(.debug_abbrev)
    415e     415e      20e     1         ./ra/fsp/src/bsp/mcu/all/bsp_register_protection.o:(.debug_abbrev)
    436c     436c       85     1         ./ra/fsp/src/bsp/mcu/all/bsp_sbrk.o:(.debug_abbrev)
    43f1     43f1      1c4     1         ./ra/fsp/src/bsp/mcu/all/bsp_sdram.o:(.debug_abbrev)
    45b5     45b5       a7     1         ./ra/fsp/src/bsp/cmsis/Device/RENESAS/Source/startup.o:(.debug_abbrev)
    465c     465c      2d8     1         ./ra/fsp/src/bsp/cmsis/Device/RENESAS/Source/system.o:(.debug_abbrev)
    4934     4934       43     1         ./ra/board/ra8p1_cpkhmi/board_init.o:(.debug_abbrev)
    4977     4977       91     1         ./ra/board/ra8p1_cpkhmi/board_leds.o:(.debug_abbrev)
       0        0    65692     1 .debug_info
       0        0     15f1     1         ./src/SEGGER_RTT/SEGGER_RTT.o:(.debug_info)
    15f1     15f1      425     1         ./src/SEGGER_RTT/SEGGER_RTT_printf.o:(.debug_info)
    1a16     1a16      871     1         ./src/GPT/gpt_fan.o:(.debug_info)
    2287     2287      a96     1         ./src/GLCDC/glcdc_display.o:(.debug_info)
    2d1d     2d1d     14fd     1         ./src/CAMERA/camera_sensor.o:(.debug_info)
    421a     421a      933     1         ./src/CAMERA/i2c_control.o:(.debug_info)
    4b4d     4b4d     226a     1         ./src/CAMERA/mipi_csi.o:(.debug_info)
    6db7     6db7      a20     1         ./src/hal_entry.o:(.debug_info)
    77d7     77d7      943     1         ./src/hal_warmstart.o:(.debug_info)
    811a     811a     30ac     1         ./ra_gen/common_data.o:(.debug_info)
    b1c6     b1c6     404a     1         ./ra_gen/hal_data.o:(.debug_info)
    f210     f210       37     1         ./ra_gen/main.o:(.debug_info)
    f247     f247      49c     1         ./ra_gen/pin_data.o:(.debug_info)
    f6e3     f6e3      90c     1         ./ra_gen/vector_data.o:(.debug_info)
    ffef     ffef     4cd2     1         ./ra/fsp/src/r_vin/r_vin.o:(.debug_info)
   14cc1    14cc1     5dd1     1         ./ra/fsp/src/r_mipi_phy/r_mipi_phy.o:(.debug_info)
   1aa92    1aa92     71e2     1         ./ra/fsp/src/r_mipi_csi/r_mipi_csi.o:(.debug_info)
   21c74    21c74     816e     1         ./ra/fsp/src/r_ioport/r_ioport.o:(.debug_info)
   29de2    29de2     8e5c     1         ./ra/fsp/src/r_iic_master/r_iic_master.o:(.debug_info)
   32c3e    32c3e     b6d4     1         ./ra/fsp/src/r_gpt/r_gpt.o:(.debug_info)
   3e312    3e312     4974     1         ./ra/fsp/src/r_glcdc/r_glcdc.o:(.debug_info)
   42c86    42c86     262a     1         ./ra/fsp/src/r_dtc/r_dtc.o:(.debug_info)
   452b0    452b0      20b     1         ./ra/fsp/src/bsp/mcu/ra8p1/bsp_linker.o:(.debug_info)
   454bb    454bb     8b03     1         ./ra/fsp/src/bsp/mcu/all/bsp_clocks.o:(.debug_info)
   4dfbe    4dfbe      59c     1         ./ra/fsp/src/bsp/mcu/all/bsp_common.o:(.debug_info)
   4e55a    4e55a       fe     1         ./ra/fsp/src/bsp/mcu/all/bsp_delay.o:(.debug_info)
   4e658    4e658     11d9     1         ./ra/fsp/src/bsp/mcu/all/bsp_group_irq.o:(.debug_info)
   4f831    4f831       43     1         ./ra/fsp/src/bsp/mcu/all/bsp_io.o:(.debug_info)
   4f874    4f874     1623     1         ./ra/fsp/src/bsp/mcu/all/bsp_ipc.o:(.debug_info)
   50e97    50e97     15b8     1         ./ra/fsp/src/bsp/mcu/all/bsp_irq.o:(.debug_info)
   5244f    5244f      592     1         ./ra/fsp/src/bsp/mcu/all/bsp_ospi_b.o:(.debug_info)
   529e1    529e1     52a8     1         ./ra/fsp/src/bsp/mcu/all/bsp_register_protection.o:(.debug_info)
   57c89    57c89       87     1         ./ra/fsp/src/bsp/mcu/all/bsp_sbrk.o:(.debug_info)
   57d10    57d10     6a72     1         ./ra/fsp/src/bsp/mcu/all/bsp_sdram.o:(.debug_info)
   5e782    5e782       a5     1         ./ra/fsp/src/bsp/cmsis/Device/RENESAS/Source/startup.o:(.debug_info)
   5e827    5e827     6da8     1         ./ra/fsp/src/bsp/cmsis/Device/RENESAS/Source/system.o:(.debug_info)
   655cf    655cf       3b     1         ./ra/board/ra8p1_cpkhmi/board_init.o:(.debug_info)
   6560a    6560a       88     1         ./ra/board/ra8p1_cpkhmi/board_leds.o:(.debug_info)
       0        0      c4a     1 .debug_rnglists
       0        0      210     1         ./src/SEGGER_RTT/SEGGER_RTT.o:(.debug_rnglists)
     210      210       ca     1         ./src/SEGGER_RTT/SEGGER_RTT_printf.o:(.debug_rnglists)
     2da      2da       1a     1         ./src/GPT/gpt_fan.o:(.debug_rnglists)
     2f4      2f4       18     1         ./src/GLCDC/glcdc_display.o:(.debug_rnglists)
     30c      30c       33     1         ./src/CAMERA/camera_sensor.o:(.debug_rnglists)
     33f      33f       25     1         ./src/CAMERA/i2c_control.o:(.debug_rnglists)
     364      364       34     1         ./src/CAMERA/mipi_csi.o:(.debug_rnglists)
     398      398       78     1         ./ra/fsp/src/r_vin/r_vin.o:(.debug_rnglists)
     410      410       18     1         ./ra/fsp/src/r_mipi_phy/r_mipi_phy.o:(.debug_rnglists)
     428      428       62     1         ./ra/fsp/src/r_mipi_csi/r_mipi_csi.o:(.debug_rnglists)
     48a      48a       6d     1         ./ra/fsp/src/r_ioport/r_ioport.o:(.debug_rnglists)
     4f7      4f7       f6     1         ./ra/fsp/src/r_iic_master/r_iic_master.o:(.debug_rnglists)
     5ed      5ed      2cf     1         ./ra/fsp/src/r_gpt/r_gpt.o:(.debug_rnglists)
     8bc      8bc      104     1         ./ra/fsp/src/r_glcdc/r_glcdc.o:(.debug_rnglists)
     9c0      9c0       62     1         ./ra/fsp/src/r_dtc/r_dtc.o:(.debug_rnglists)
     a22      a22      102     1         ./ra/fsp/src/bsp/mcu/all/bsp_clocks.o:(.debug_rnglists)
     b24      b24       1a     1         ./ra/fsp/src/bsp/mcu/all/bsp_common.o:(.debug_rnglists)
     b3e      b3e       18     1         ./ra/fsp/src/bsp/mcu/all/bsp_delay.o:(.debug_rnglists)
     b56      b56       17     1         ./ra/fsp/src/bsp/mcu/all/bsp_group_irq.o:(.debug_rnglists)
     b6d      b6d       20     1         ./ra/fsp/src/bsp/mcu/all/bsp_ipc.o:(.debug_rnglists)
     b8d      b8d       17     1         ./ra/fsp/src/bsp/mcu/all/bsp_ospi_b.o:(.debug_rnglists)
     ba4      ba4       24     1         ./ra/fsp/src/bsp/mcu/all/bsp_register_protection.o:(.debug_rnglists)
     bc8      bc8       1b     1         ./ra/fsp/src/bsp/mcu/all/bsp_sdram.o:(.debug_rnglists)
     be3      be3       17     1         ./ra/fsp/src/bsp/cmsis/Device/RENESAS/Source/startup.o:(.debug_rnglists)
     bfa      bfa       50     1         ./ra/fsp/src/bsp/cmsis/Device/RENESAS/Source/system.o:(.debug_rnglists)
       0        0    1d8c8     1 .debug_str_offsets
       0        0      188     1         ./src/SEGGER_RTT/SEGGER_RTT.o:(.debug_str_offsets)
     188      188       c4     1         ./src/SEGGER_RTT/SEGGER_RTT_printf.o:(.debug_str_offsets)
     24c      24c      594     1         ./src/GPT/gpt_fan.o:(.debug_str_offsets)
     7e0      7e0      668     1         ./src/GLCDC/glcdc_display.o:(.debug_str_offsets)
     e48      e48      9b4     1         ./src/CAMERA/camera_sensor.o:(.debug_str_offsets)
    17fc     17fc      550     1         ./src/CAMERA/i2c_control.o:(.debug_str_offsets)
    1d4c     1d4c      cb4     1         ./src/CAMERA/mipi_csi.o:(.debug_str_offsets)
    2a00     2a00      8a0     1         ./src/hal_entry.o:(.debug_str_offsets)
    32a0     32a0      7e4     1         ./src/hal_warmstart.o:(.debug_str_offsets)
    3a84     3a84     143c     1         ./ra_gen/common_data.o:(.debug_str_offsets)
    4ec0     4ec0     1694     1         ./ra_gen/hal_data.o:(.debug_str_offsets)
    6554     6554       1c     1         ./ra_gen/main.o:(.debug_str_offsets)
    6570     6570      428     1         ./ra_gen/pin_data.o:(.debug_str_offsets)
    6998     6998      804     1         ./ra_gen/vector_data.o:(.debug_str_offsets)
    719c     719c     1718     1         ./ra/fsp/src/r_vin/r_vin.o:(.debug_str_offsets)
    88b4     88b4     1894     1         ./ra/fsp/src/r_mipi_phy/r_mipi_phy.o:(.debug_str_offsets)
    a148     a148     1664     1         ./ra/fsp/src/r_mipi_csi/r_mipi_csi.o:(.debug_str_offsets)
    b7ac     b7ac     2244     1         ./ra/fsp/src/r_ioport/r_ioport.o:(.debug_str_offsets)
    d9f0     d9f0     23c4     1         ./ra/fsp/src/r_iic_master/r_iic_master.o:(.debug_str_offsets)
    fdb4     fdb4     2f04     1         ./ra/fsp/src/r_gpt/r_gpt.o:(.debug_str_offsets)
   12cb8    12cb8     1500     1         ./ra/fsp/src/r_glcdc/r_glcdc.o:(.debug_str_offsets)
   141b8    141b8      cfc     1         ./ra/fsp/src/r_dtc/r_dtc.o:(.debug_str_offsets)
   14eb4    14eb4       ac     1         ./ra/fsp/src/bsp/mcu/ra8p1/bsp_linker.o:(.debug_str_offsets)
   14f60    14f60     1e3c     1         ./ra/fsp/src/bsp/mcu/all/bsp_clocks.o:(.debug_str_offsets)
   16d9c    16d9c      468     1         ./ra/fsp/src/bsp/mcu/all/bsp_common.o:(.debug_str_offsets)
   17204    17204       74     1         ./ra/fsp/src/bsp/mcu/all/bsp_delay.o:(.debug_str_offsets)
   17278    17278      7e0     1         ./ra/fsp/src/bsp/mcu/all/bsp_group_irq.o:(.debug_str_offsets)
   17a58    17a58       24     1         ./ra/fsp/src/bsp/mcu/all/bsp_io.o:(.debug_str_offsets)
   17a7c    17a7c      8a8     1         ./ra/fsp/src/bsp/mcu/all/bsp_ipc.o:(.debug_str_offsets)
   18324    18324      b8c     1         ./ra/fsp/src/bsp/mcu/all/bsp_irq.o:(.debug_str_offsets)
   18eb0    18eb0      494     1         ./ra/fsp/src/bsp/mcu/all/bsp_ospi_b.o:(.debug_str_offsets)
   19344    19344     1320     1         ./ra/fsp/src/bsp/mcu/all/bsp_register_protection.o:(.debug_str_offsets)
   1a664    1a664       40     1         ./ra/fsp/src/bsp/mcu/all/bsp_sbrk.o:(.debug_str_offsets)
   1a6a4    1a6a4     16f4     1         ./ra/fsp/src/bsp/mcu/all/bsp_sdram.o:(.debug_str_offsets)
   1bd98    1bd98       3c     1         ./ra/fsp/src/bsp/cmsis/Device/RENESAS/Source/startup.o:(.debug_str_offsets)
   1bdd4    1bdd4     1a9c     1         ./ra/fsp/src/bsp/cmsis/Device/RENESAS/Source/system.o:(.debug_str_offsets)
   1d870    1d870       1c     1         ./ra/board/ra8p1_cpkhmi/board_init.o:(.debug_str_offsets)
   1d88c    1d88c       3c     1         ./ra/board/ra8p1_cpkhmi/board_leds.o:(.debug_str_offsets)
       0        0    188a3     1 .debug_str
       0        0    188a3     1         <internal>:(.debug_str)
       0        0      f24     1 .debug_addr
       0        0      1a4     1         ./src/SEGGER_RTT/SEGGER_RTT.o:(.debug_addr)
     1a4      1a4       34     1         ./src/SEGGER_RTT/SEGGER_RTT_printf.o:(.debug_addr)
     1d8      1d8       40     1         ./src/GPT/gpt_fan.o:(.debug_addr)
     218      218       2c     1         ./src/GLCDC/glcdc_display.o:(.debug_addr)
     244      244       d0     1         ./src/CAMERA/camera_sensor.o:(.debug_addr)
     314      314       60     1         ./src/CAMERA/i2c_control.o:(.debug_addr)
     374      374       b8     1         ./src/CAMERA/mipi_csi.o:(.debug_addr)
     42c      42c       10     1         ./src/hal_entry.o:(.debug_addr)
     43c      43c       10     1         ./src/hal_warmstart.o:(.debug_addr)
     44c      44c       64     1         ./ra_gen/common_data.o:(.debug_addr)
     4b0      4b0       54     1         ./ra_gen/hal_data.o:(.debug_addr)
     504      504        c     1         ./ra_gen/main.o:(.debug_addr)
     510      510       10     1         ./ra_gen/pin_data.o:(.debug_addr)
     520      520       10     1         ./ra_gen/vector_data.o:(.debug_addr)
     530      530       94     1         ./ra/fsp/src/r_vin/r_vin.o:(.debug_addr)
     5c4      5c4       18     1         ./ra/fsp/src/r_mipi_phy/r_mipi_phy.o:(.debug_addr)
     5dc      5dc      130     1         ./ra/fsp/src/r_mipi_csi/r_mipi_csi.o:(.debug_addr)
     70c      70c       8c     1         ./ra/fsp/src/r_ioport/r_ioport.o:(.debug_addr)
     798      798      154     1         ./ra/fsp/src/r_iic_master/r_iic_master.o:(.debug_addr)
     8ec      8ec      224     1         ./ra/fsp/src/r_gpt/r_gpt.o:(.debug_addr)
     b10      b10      118     1         ./ra/fsp/src/r_glcdc/r_glcdc.o:(.debug_addr)
     c28      c28       78     1         ./ra/fsp/src/r_dtc/r_dtc.o:(.debug_addr)
     ca0      ca0       30     1         ./ra/fsp/src/bsp/mcu/ra8p1/bsp_linker.o:(.debug_addr)
     cd0      cd0       cc     1         ./ra/fsp/src/bsp/mcu/all/bsp_clocks.o:(.debug_addr)
     d9c      d9c       20     1         ./ra/fsp/src/bsp/mcu/all/bsp_common.o:(.debug_addr)
     dbc      dbc       1c     1         ./ra/fsp/src/bsp/mcu/all/bsp_delay.o:(.debug_addr)
     dd8      dd8       1c     1         ./ra/fsp/src/bsp/mcu/all/bsp_group_irq.o:(.debug_addr)
     df4      df4        c     1         ./ra/fsp/src/bsp/mcu/all/bsp_io.o:(.debug_addr)
     e00      e00       24     1         ./ra/fsp/src/bsp/mcu/all/bsp_ipc.o:(.debug_addr)
     e24      e24       18     1         ./ra/fsp/src/bsp/mcu/all/bsp_irq.o:(.debug_addr)
     e3c      e3c       10     1         ./ra/fsp/src/bsp/mcu/all/bsp_ospi_b.o:(.debug_addr)
     e4c      e4c       28     1         ./ra/fsp/src/bsp/mcu/all/bsp_register_protection.o:(.debug_addr)
     e74      e74       10     1         ./ra/fsp/src/bsp/mcu/all/bsp_sbrk.o:(.debug_addr)
     e84      e84       14     1         ./ra/fsp/src/bsp/mcu/all/bsp_sdram.o:(.debug_addr)
     e98      e98       1c     1         ./ra/fsp/src/bsp/cmsis/Device/RENESAS/Source/startup.o:(.debug_addr)
     eb4      eb4       54     1         ./ra/fsp/src/bsp/cmsis/Device/RENESAS/Source/system.o:(.debug_addr)
     f08      f08        c     1         ./ra/board/ra8p1_cpkhmi/board_init.o:(.debug_addr)
     f14      f14       10     1         ./ra/board/ra8p1_cpkhmi/board_leds.o:(.debug_addr)
       0        0       29     1 .comment
       0        0       29     1         <internal>:(.comment)
       0        0     1634     4 .debug_frame
       0        0      38c     4         ./src/SEGGER_RTT/SEGGER_RTT.o:(.debug_frame)
     38c      38c       88     4         ./src/SEGGER_RTT/SEGGER_RTT_printf.o:(.debug_frame)
     414      414       64     4         ./src/GPT/gpt_fan.o:(.debug_frame)
[...]
__itcm_zero$$Base                                 fsp_gen.lld:575
                                                  ./ra/fsp/src/bsp/mcu/ra8p1/bsp_linker.o
__itcm_zero$$Limit                                fsp_gen.lld:578
                                                  ./ra/fsp/src/bsp/mcu/ra8p1/bsp_linker.o
__dtcm_zero$$Base                                 fsp_gen.lld:608
                                                  ./ra/fsp/src/bsp/mcu/ra8p1/bsp_linker.o
__dtcm_zero$$Limit                                fsp_gen.lld:611
                                                  ./ra/fsp/src/bsp/mcu/ra8p1/bsp_linker.o
__ram_zero_nocache$$Base                          fsp_gen.lld:643
                                                  ./ra/fsp/src/bsp/mcu/ra8p1/bsp_linker.o
__ram_zero$$Base                                  fsp_gen.lld:663
                                                  ./ra/fsp/src/bsp/mcu/ra8p1/bsp_linker.o
__ram_zero$$Limit                                 fsp_gen.lld:667
                                                  ./ra/fsp/src/bsp/mcu/ra8p1/bsp_linker.o
__ram_tbss$$Base                                  fsp_gen.lld:681
                                                  ./ra/fsp/src/bsp/mcu/ra8p1/bsp_linker.o
__ram_tbss$$Limit                                 fsp_gen.lld:686
                                                  ./ra/fsp/src/bsp/mcu/ra8p1/bsp_linker.o
__sdram_from_ospi0_cs1$$Base                      fsp_gen.lld:61
                                                  ./ra/fsp/src/bsp/mcu/ra8p1/bsp_linker.o
__sdram_from_ospi0_cs1$$Limit                     fsp_gen.lld:66
                                                  ./ra/fsp/src/bsp/mcu/ra8p1/bsp_linker.o
__sdram_from_ospi0_cs1$$Load                      fsp_gen.lld:61
                                                  ./ra/fsp/src/bsp/mcu/ra8p1/bsp_linker.o
__sdram_from_ospi1_cs1$$Base                      fsp_gen.lld:192
                                                  ./ra/fsp/src/bsp/mcu/ra8p1/bsp_linker.o
__sdram_from_ospi1_cs1$$Limit                     fsp_gen.lld:197
                                                  ./ra/fsp/src/bsp/mcu/ra8p1/bsp_linker.o
__sdram_from_ospi1_cs1$$Load                      fsp_gen.lld:192
                                                  ./ra/fsp/src/bsp/mcu/ra8p1/bsp_linker.o
__sdram_from_data_flash$$Base                     fsp_gen.lld:292
                                                  ./ra/fsp/src/bsp/mcu/ra8p1/bsp_linker.o
__sdram_from_data_flash$$Limit                    fsp_gen.lld:297
                                                  ./ra/fsp/src/bsp/mcu/ra8p1/bsp_linker.o
__sdram_from_data_flash$$Load                     fsp_gen.lld:292
                                                  ./ra/fsp/src/bsp/mcu/ra8p1/bsp_linker.o
__sdram_from_flash$$Base                          fsp_gen.lld:407
                                                  ./ra/fsp/src/bsp/mcu/ra8p1/bsp_linker.o
__sdram_from_flash$$Limit                         fsp_gen.lld:412
                                                  ./ra/fsp/src/bsp/mcu/ra8p1/bsp_linker.o
__sdram_from_flash$$Load                          fsp_gen.lld:407
                                                  ./ra/fsp/src/bsp/mcu/ra8p1/bsp_linker.o
__ospi0_cs0_from_ospi0_cs1$$Base                  fsp_gen.lld:78
                                                  ./ra/fsp/src/bsp/mcu/ra8p1/bsp_linker.o
__ospi0_cs0_from_ospi0_cs1$$Limit                 fsp_gen.lld:83
                                                  ./ra/fsp/src/bsp/mcu/ra8p1/bsp_linker.o
__ospi0_cs0_from_ospi0_cs1$$Load                  fsp_gen.lld:78
                                                  ./ra/fsp/src/bsp/mcu/ra8p1/bsp_linker.o
__ospi0_cs0_from_ospi1_cs1$$Base                  fsp_gen.lld:204
                                                  ./ra/fsp/src/bsp/mcu/ra8p1/bsp_linker.o
__ospi0_cs0_from_ospi1_cs1$$Limit                 fsp_gen.lld:209
                                                  ./ra/fsp/src/bsp/mcu/ra8p1/bsp_linker.o
__ospi0_cs0_from_ospi1_cs1$$Load                  fsp_gen.lld:204
                                                  ./ra/fsp/src/bsp/mcu/ra8p1/bsp_linker.o
__ospi0_cs0_from_data_flash$$Base                 fsp_gen.lld:304
                                                  ./ra/fsp/src/bsp/mcu/ra8p1/bsp_linker.o
__ospi0_cs0_from_data_flash$$Limit                fsp_gen.lld:309
                                                  ./ra/fsp/src/bsp/mcu/ra8p1/bsp_linker.o
__ospi0_cs0_from_data_flash$$Load                 fsp_gen.lld:304
                                                  ./ra/fsp/src/bsp/mcu/ra8p1/bsp_linker.o
__ospi0_cs0_from_flash$$Base                      fsp_gen.lld:457
                                                  ./ra/fsp/src/bsp/mcu/ra8p1/bsp_linker.o
__ospi0_cs0_from_flash$$Limit                     fsp_gen.lld:462
                                                  ./ra/fsp/src/bsp/mcu/ra8p1/bsp_linker.o
__ospi0_cs0_from_flash$$Load                      fsp_gen.lld:457
                                                  ./ra/fsp/src/bsp/mcu/ra8p1/bsp_linker.o
__ospi1_cs0_from_ospi0_cs1$$Base                  fsp_gen.lld:95
                                                  ./ra/fsp/src/bsp/mcu/ra8p1/bsp_linker.o
__ospi1_cs0_from_ospi0_cs1$$Limit                 fsp_gen.lld:100
                                                  ./ra/fsp/src/bsp/mcu/ra8p1/bsp_linker.o
__ospi1_cs0_from_ospi0_cs1$$Load                  fsp_gen.lld:95
                                                  ./ra/fsp/src/bsp/mcu/ra8p1/bsp_linker.o
__ospi1_cs0_from_ospi1_cs1$$Base                  fsp_gen.lld:216
                                                  ./ra/fsp/src/bsp/mcu/ra8p1/bsp_linker.o
__ospi1_cs0_from_ospi1_cs1$$Limit                 fsp_gen.lld:221
                                                  ./ra/fsp/src/bsp/mcu/ra8p1/bsp_linker.o
__ospi1_cs0_from_ospi1_cs1$$Load                  fsp_gen.lld:216
                                                  ./ra/fsp/src/bsp/mcu/ra8p1/bsp_linker.o
__ospi1_cs0_from_data_flash$$Base                 fsp_gen.lld:316
                                                  ./ra/fsp/src/bsp/mcu/ra8p1/bsp_linker.o
__ospi1_cs0_from_data_flash$$Limit                fsp_gen.lld:321
                                                  ./ra/fsp/src/bsp/mcu/ra8p1/bsp_linker.o
__ospi1_cs0_from_data_flash$$Load                 fsp_gen.lld:316
                                                  ./ra/fsp/src/bsp/mcu/ra8p1/bsp_linker.o
__ospi1_cs0_from_flash$$Base                      fsp_gen.lld:507
                                                  ./ra/fsp/src/bsp/mcu/ra8p1/bsp_linker.o
__ospi1_cs0_from_flash$$Limit                     fsp_gen.lld:512
                                                  ./ra/fsp/src/bsp/mcu/ra8p1/bsp_linker.o
__ospi1_cs0_from_flash$$Load                      fsp_gen.lld:507
                                                  ./ra/fsp/src/bsp/mcu/ra8p1/bsp_linker.o
__itcm_from_ospi0_cs1$$Base                       fsp_gen.lld:112
                                                  ./ra/fsp/src/bsp/mcu/ra8p1/bsp_linker.o
__itcm_from_ospi0_cs1$$Limit                      fsp_gen.lld:117
                                                  ./ra/fsp/src/bsp/mcu/ra8p1/bsp_linker.o
__itcm_from_ospi0_cs1$$Load                       fsp_gen.lld:112
                                                  ./ra/fsp/src/bsp/mcu/ra8p1/bsp_linker.o
__itcm_from_ospi1_cs1$$Base                       fsp_gen.lld:228
                                                  ./ra/fsp/src/bsp/mcu/ra8p1/bsp_linker.o
__itcm_from_ospi1_cs1$$Limit                      fsp_gen.lld:233
                                                  ./ra/fsp/src/bsp/mcu/ra8p1/bsp_linker.o
__itcm_from_ospi1_cs1$$Load                       fsp_gen.lld:228
                                                  ./ra/fsp/src/bsp/mcu/ra8p1/bsp_linker.o
__itcm_from_data_flash$$Base                      fsp_gen.lld:328
                                                  ./ra/fsp/src/bsp/mcu/ra8p1/bsp_linker.o
__itcm_from_data_flash$$Limit                     fsp_gen.lld:333
                                                  ./ra/fsp/src/bsp/mcu/ra8p1/bsp_linker.o
__itcm_from_data_flash$$Load                      fsp_gen.lld:328
                                                  ./ra/fsp/src/bsp/mcu/ra8p1/bsp_linker.o
__itcm_from_flash$$Base                           fsp_gen.lld:557
                                                  ./ra/fsp/src/bsp/mcu/ra8p1/bsp_linker.o
__itcm_from_flash$$Limit                          fsp_gen.lld:562
                                                  ./ra/fsp/src/bsp/mcu/ra8p1/bsp_linker.o
__itcm_from_flash$$Load                           fsp_gen.lld:557
                                                  ./ra/fsp/src/bsp/mcu/ra8p1/bsp_linker.o
__dtcm_from_ospi0_cs1$$Base                       fsp_gen.lld:129
                                                  ./ra/fsp/src/bsp/mcu/ra8p1/bsp_linker.o
__dtcm_from_ospi0_cs1$$Limit                      fsp_gen.lld:134
                                                  ./ra/fsp/src/bsp/mcu/ra8p1/bsp_linker.o
__dtcm_from_ospi0_cs1$$Load                       fsp_gen.lld:129
                                                  ./ra/fsp/src/bsp/mcu/ra8p1/bsp_linker.o
__dtcm_from_ospi1_cs1$$Base                       fsp_gen.lld:240
                                                  ./ra/fsp/src/bsp/mcu/ra8p1/bsp_linker.o
__dtcm_from_ospi1_cs1$$Limit                      fsp_gen.lld:245
                                                  ./ra/fsp/src/bsp/mcu/ra8p1/bsp_linker.o
__dtcm_from_ospi1_cs1$$Load                       fsp_gen.lld:240
                                                  ./ra/fsp/src/bsp/mcu/ra8p1/bsp_linker.o
__dtcm_from_data_flash$$Base                      fsp_gen.lld:340
                                                  ./ra/fsp/src/bsp/mcu/ra8p1/bsp_linker.o
__dtcm_from_data_flash$$Limit                     fsp_gen.lld:345
                                                  ./ra/fsp/src/bsp/mcu/ra8p1/bsp_linker.o
__dtcm_from_data_flash$$Load                      fsp_gen.lld:340
                                                  ./ra/fsp/src/bsp/mcu/ra8p1/bsp_linker.o
__dtcm_from_flash$$Base                           fsp_gen.lld:590
                                                  ./ra/fsp/src/bsp/mcu/ra8p1/bsp_linker.o
__dtcm_from_flash$$Limit                          fsp_gen.lld:595
                                                  ./ra/fsp/src/bsp/mcu/ra8p1/bsp_linker.o
__dtcm_from_flash$$Load                           fsp_gen.lld:590
                                                  ./ra/fsp/src/bsp/mcu/ra8p1/bsp_linker.o
__ram_from_ospi0_cs1$$Base                        fsp_gen.lld:152
                                                  ./ra/fsp/src/bsp/mcu/ra8p1/bsp_linker.o
__ram_from_ospi0_cs1$$Limit                       fsp_gen.lld:157
                                                  ./ra/fsp/src/bsp/mcu/ra8p1/bsp_linker.o
__ram_from_ospi0_cs1$$Load                        fsp_gen.lld:152
                                                  ./ra/fsp/src/bsp/mcu/ra8p1/bsp_linker.o
__ram_from_ospi1_cs1$$Base                        fsp_gen.lld:252
                                                  ./ra/fsp/src/bsp/mcu/ra8p1/bsp_linker.o
__ram_from_ospi1_cs1$$Limit                       fsp_gen.lld:257
                                                  ./ra/fsp/src/bsp/mcu/ra8p1/bsp_linker.o
__ram_from_ospi1_cs1$$Load                        fsp_gen.lld:252
                                                  ./ra/fsp/src/bsp/mcu/ra8p1/bsp_linker.o
__ram_from_data_flash$$Base                       fsp_gen.lld:352
                                                  ./ra/fsp/src/bsp/mcu/ra8p1/bsp_linker.o
__ram_from_data_flash$$Limit                      fsp_gen.lld:357
                                                  ./ra/fsp/src/bsp/mcu/ra8p1/bsp_linker.o
__ram_from_data_flash$$Load                       fsp_gen.lld:352
                                                  ./ra/fsp/src/bsp/mcu/ra8p1/bsp_linker.o
__ram_from_flash$$Base                            fsp_gen.lld:623
                                                  ./ra/fsp/src/bsp/mcu/ra8p1/bsp_linker.o
__ram_from_flash$$Limit                           fsp_gen.lld:630
                                                  ./ra/fsp/src/bsp/mcu/ra8p1/bsp_linker.o
__ram_from_flash$$Load                            fsp_gen.lld:623
                                                  ./ra/fsp/src/bsp/mcu/ra8p1/bsp_linker.o
__ram_tdata$$Base                                 fsp_gen.lld:672
                                                  ./ra/fsp/src/bsp/mcu/ra8p1/bsp_linker.o
__ram_tdata$$Limit                                fsp_gen.lld:676
                                                  ./ra/fsp/src/bsp/mcu/ra8p1/bsp_linker.o
__ram_tdata$$Load                                 fsp_gen.lld:672
                                                  ./ra/fsp/src/bsp/mcu/ra8p1/bsp_linker.o
SystemCoreClockUpdate                             ./ra/fsp/src/bsp/mcu/all/bsp_clocks.o
                                                  ./ra/fsp/src/bsp/cmsis/Device/RENESAS/Source/system.o
bsp_clock_init                                    ./ra/fsp/src/bsp/mcu/all/bsp_clocks.o
                                                  ./ra/fsp/src/bsp/cmsis/Device/RENESAS/Source/system.o
R_BSP_SubClockStabilizeWaitAfterReset             ./ra/fsp/src/bsp/mcu/all/bsp_clocks.o
R_BSP_Init_RTC                                    ./ra/fsp/src/bsp/mcu/all/bsp_clocks.o
                                                  ./ra/fsp/src/bsp/cmsis/Device/RENESAS/Source/system.o
bsp_init                                          ./ra/board/ra8p1_cpkhmi/board_init.o
                                                  ./ra/fsp/src/bsp/mcu/all/bsp_common.o
                                                  ./ra/fsp/src/bsp/cmsis/Device/RENESAS/Source/system.o
bsp_prv_software_delay_loop                       ./ra/fsp/src/bsp/mcu/all/bsp_delay.o
g_bsp_group_irq_sources                           ./ra/fsp/src/bsp/mcu/all/bsp_group_irq.o
NMI_Handler                                       ./ra/fsp/src/bsp/mcu/all/bsp_group_irq.o
                                                  ./ra/fsp/src/bsp/cmsis/Device/RENESAS/Source/startup.o
bsp_irq_cfg                                       ./ra/fsp/src/bsp/mcu/all/bsp_irq.o
                                                  ./ra/fsp/src/bsp/cmsis/Device/RENESAS/Source/system.o
g_protect_counters                                ./ra/fsp/src/bsp/mcu/all/bsp_register_protection.o
Reset_Handler                                     ./ra/fsp/src/bsp/cmsis/Device/RENESAS/Source/startup.o
SystemInit                                        ./ra/fsp/src/bsp/cmsis/Device/RENESAS/Source/system.o
                                                  ./ra/fsp/src/bsp/cmsis/Device/RENESAS/Source/startup.o
Default_Handler                                   ./ra/fsp/src/bsp/cmsis/Device/RENESAS/Source/startup.o
g_main_stack                                      ./ra/fsp/src/bsp/cmsis/Device/RENESAS/Source/startup.o
                                                  ./ra/fsp/src/bsp/cmsis/Device/RENESAS/Source/system.o
__Vectors                                         ./ra/fsp/src/bsp/cmsis/Device/RENESAS/Source/startup.o
                                                  ./ra/fsp/src/bsp/cmsis/Device/RENESAS/Source/system.o
HardFault_Handler                                 ./ra/fsp/src/bsp/cmsis/Device/RENESAS/Source/startup.o
MemManage_Handler                                 ./ra/fsp/src/bsp/cmsis/Device/RENESAS/Source/startup.o
BusFault_Handler                                  ./ra/fsp/src/bsp/cmsis/Device/RENESAS/Source/startup.o
UsageFault_Handler                                ./ra/fsp/src/bsp/cmsis/Device/RENESAS/Source/startup.o
SecureFault_Handler                               ./ra/fsp/src/bsp/cmsis/Device/RENESAS/Source/startup.o
SVC_Handler                                       ./ra/fsp/src/bsp/cmsis/Device/RENESAS/Source/startup.o
DebugMon_Handler                                  ./ra/fsp/src/bsp/cmsis/Device/RENESAS/Source/startup.o
PendSV_Handler                                    ./ra/fsp/src/bsp/cmsis/Device/RENESAS/Source/startup.o
SysTick_Handler                                   ./ra/fsp/src/bsp/cmsis/Device/RENESAS/Source/startup.o
_init_tls                                         E:\Renesas\RAv6.4.0\RA\toolchains\llvm_arm\ATfE-21.1.1-Windows-x86_64\bin\..\lib\clang-runtimes/arm-none-eabi/armv8.1m.main_hard_fpdp_nomve_exn_rtti_unaligned\lib\libc.a(libc_picolib_inittls.c.o)
                                                  ./ra/fsp/src/bsp/cmsis/Device/RENESAS/Source/system.o
__init_array_start                                fsp_gen.lld:749
                                                  ./ra/fsp/src/bsp/cmsis/Device/RENESAS/Source/system.o
__init_array_end                                  fsp_gen.lld:752
                                                  ./ra/fsp/src/bsp/cmsis/Device/RENESAS/Source/system.o
bzero                                             E:\Renesas\RAv6.4.0\RA\toolchains\llvm_arm\ATfE-21.1.1-Windows-x86_64\bin\..\lib\clang-runtimes/arm-none-eabi/armv8.1m.main_hard_fpdp_nomve_exn_rtti_unaligned\lib\libc.a(bzero.c.o)
__aeabi_memcpy8                                   E:\Renesas\RAv6.4.0\RA\toolchains\llvm_arm\ATfE-21.1.1-Windows-x86_64\bin\..\lib\clang-runtimes/arm-none-eabi/armv8.1m.main_hard_fpdp_nomve_exn_rtti_unaligned\lib\libc.a(memcpy.S.o)
__tdata_source                                    fsp_gen.lld:1285
                                                  E:\Renesas\RAv6.4.0\RA\toolchains\llvm_arm\ATfE-21.1.1-Windows-x86_64\bin\..\lib\clang-runtimes/arm-none-eabi/armv8.1m.main_hard_fpdp_nomve_exn_rtti_unaligned\lib\libc.a(libc_picolib_inittls.c.o)
__tdata_size                                      fsp_gen.lld:1286
                                                  E:\Renesas\RAv6.4.0\RA\toolchains\llvm_arm\ATfE-21.1.1-Windows-x86_64\bin\..\lib\clang-runtimes/arm-none-eabi/armv8.1m.main_hard_fpdp_nomve_exn_rtti_unaligned\lib\libc.a(libc_picolib_inittls.c.o)
__tbss_offset                                     fsp_gen.lld:1287
                                                  E:\Renesas\RAv6.4.0\RA\toolchains\llvm_arm\ATfE-21.1.1-Windows-x86_64\bin\..\lib\clang-runtimes/arm-none-eabi/armv8.1m.main_hard_fpdp_nomve_exn_rtti_unaligned\lib\libc.a(libc_picolib_inittls.c.o)
__tbss_size                                       fsp_gen.lld:1288
                                                  E:\Renesas\RAv6.4.0\RA\toolchains\llvm_arm\ATfE-21.1.1-Windows-x86_64\bin\..\lib\clang-runtimes/arm-none-eabi/armv8.1m.main_hard_fpdp_nomve_exn_rtti_unaligned\lib\libc.a(libc_picolib_inittls.c.o)
__arm32_tls_tcb_offset                            fsp_gen.lld:1289
                                                  E:\Renesas\RAv6.4.0\RA\toolchains\llvm_arm\ATfE-21.1.1-Windows-x86_64\bin\..\lib\clang-runtimes/arm-none-eabi/armv8.1m.main_hard_fpdp_nomve_exn_rtti_unaligned\lib\libc.a(libc_picolib_machine_arm_set_tls.c.o)
__tls                                             E:\Renesas\RAv6.4.0\RA\toolchains\llvm_arm\ATfE-21.1.1-Windows-x86_64\bin\..\lib\clang-runtimes/arm-none-eabi/armv8.1m.main_hard_fpdp_nomve_exn_rtti_unaligned\lib\libc.a(libc_picolib_machine_arm_tls.c.o)
                                                  E:\Renesas\RAv6.4.0\RA\toolchains\llvm_arm\ATfE-21.1.1-Windows-x86_64\bin\..\lib\clang-runtimes/arm-none-eabi/armv8.1m.main_hard_fpdp_nomve_exn_rtti_unaligned\lib\libc.a(libc_picolib_machine_arm_set_tls.c.o)
                                                  E:\Renesas\RAv6.4.0\RA\toolchains\llvm_arm\ATfE-21.1.1-Windows-x86_64\bin\..\lib\clang-runtimes/arm-none-eabi/armv8.1m.main_hard_fpdp_nomve_exn_rtti_unaligned\lib\libc.a(libc_picolib_machine_arm_read_tp.S.o)
